Requirement already satisfied: requests in /home/yxn7cj/.conda/envs/gml/lib/python3.12/site-packages (from -r requirements.txt (line 1)) (2.32.3)
Requirement already satisfied: tqdm in /home/yxn7cj/.conda/envs/gml/lib/python3.12/site-packages (from -r requirements.txt (line 2)) (4.67.1)
Requirement already satisfied: torch_geometric in /home/yxn7cj/.conda/envs/gml/lib/python3.12/site-packages (from -r requirements.txt (line 3)) (2.6.1)
Requirement already satisfied: sentence-transformers in /home/yxn7cj/.conda/envs/gml/lib/python3.12/site-packages (from -r requirements.txt (line 5)) (4.1.0)
Requirement already satisfied: pyarrow in /home/yxn7cj/.conda/envs/gml/lib/python3.12/site-packages (from -r requirements.txt (line 6)) (20.0.0)
Requirement already satisfied: tensorboard in /home/yxn7cj/.conda/envs/gml/lib/python3.12/site-packages (from -r requirements.txt (line 7)) (2.19.0)
Requirement already satisfied: tf-keras in /home/yxn7cj/.conda/envs/gml/lib/python3.12/site-packages (from -r requirements.txt (line 8)) (2.19.0)
Requirement already satisfied: huggingface_hub[hf_xet] in /home/yxn7cj/.conda/envs/gml/lib/python3.12/site-packages (from -r requirements.txt (line 4)) (0.30.2)
Requirement already satisfied: charset-normalizer<4,>=2 in /home/yxn7cj/.conda/envs/gml/lib/python3.12/site-packages (from requests->-r requirements.txt (line 1)) (3.4.1)
Requirement already satisfied: idna<4,>=2.5 in /home/yxn7cj/.conda/envs/gml/lib/python3.12/site-packages (from requests->-r requirements.txt (line 1)) (3.10)
Requirement already satisfied: urllib3<3,>=1.21.1 in /home/yxn7cj/.conda/envs/gml/lib/python3.12/site-packages (from requests->-r requirements.txt (line 1)) (2.3.0)
Requirement already satisfied: certifi>=2017.4.17 in /home/yxn7cj/.conda/envs/gml/lib/python3.12/site-packages (from requests->-r requirements.txt (line 1)) (2025.1.31)
Requirement already satisfied: aiohttp in /home/yxn7cj/.conda/envs/gml/lib/python3.12/site-packages (from torch_geometric->-r requirements.txt (line 3)) (3.11.14)
Requirement already satisfied: fsspec in /home/yxn7cj/.conda/envs/gml/lib/python3.12/site-packages (from torch_geometric->-r requirements.txt (line 3)) (2025.3.0)
Requirement already satisfied: jinja2 in /home/yxn7cj/.conda/envs/gml/lib/python3.12/site-packages (from torch_geometric->-r requirements.txt (line 3)) (3.1.6)
Requirement already satisfied: numpy in /home/yxn7cj/.conda/envs/gml/lib/python3.12/site-packages (from torch_geometric->-r requirements.txt (line 3)) (2.1.3)
Requirement already satisfied: psutil>=5.8.0 in /home/yxn7cj/.conda/envs/gml/lib/python3.12/site-packages (from torch_geometric->-r requirements.txt (line 3)) (7.0.0)
Requirement already satisfied: pyparsing in /home/yxn7cj/.conda/envs/gml/lib/python3.12/site-packages (from torch_geometric->-r requirements.txt (line 3)) (3.2.3)
Requirement already satisfied: filelock in /home/yxn7cj/.conda/envs/gml/lib/python3.12/site-packages (from huggingface_hub[hf_xet]->-r requirements.txt (line 4)) (3.18.0)
Requirement already satisfied: packaging>=20.9 in /home/yxn7cj/.conda/envs/gml/lib/python3.12/site-packages (from huggingface_hub[hf_xet]->-r requirements.txt (line 4)) (24.2)
Requirement already satisfied: pyyaml>=5.1 in /home/yxn7cj/.conda/envs/gml/lib/python3.12/site-packages (from huggingface_hub[hf_xet]->-r requirements.txt (line 4)) (6.0.2)
Requirement already satisfied: typing-extensions>=3.7.4.3 in /home/yxn7cj/.conda/envs/gml/lib/python3.12/site-packages (from huggingface_hub[hf_xet]->-r requirements.txt (line 4)) (4.13.0)
Requirement already satisfied: hf-xet>=0.1.4 in /home/yxn7cj/.conda/envs/gml/lib/python3.12/site-packages (from huggingface_hub[hf_xet]->-r requirements.txt (line 4)) (1.0.5)
Requirement already satisfied: transformers<5.0.0,>=4.41.0 in /home/yxn7cj/.conda/envs/gml/lib/python3.12/site-packages (from sentence-transformers->-r requirements.txt (line 5)) (4.51.3)
Requirement already satisfied: torch>=1.11.0 in /home/yxn7cj/.conda/envs/gml/lib/python3.12/site-packages (from sentence-transformers->-r requirements.txt (line 5)) (2.5.1)
Requirement already satisfied: scikit-learn in /home/yxn7cj/.conda/envs/gml/lib/python3.12/site-packages (from sentence-transformers->-r requirements.txt (line 5)) (1.6.1)
Requirement already satisfied: scipy in /home/yxn7cj/.conda/envs/gml/lib/python3.12/site-packages (from sentence-transformers->-r requirements.txt (line 5)) (1.15.2)
Requirement already satisfied: Pillow in /home/yxn7cj/.conda/envs/gml/lib/python3.12/site-packages (from sentence-transformers->-r requirements.txt (line 5)) (11.1.0)
Requirement already satisfied: regex!=2019.12.17 in /home/yxn7cj/.conda/envs/gml/lib/python3.12/site-packages (from transformers<5.0.0,>=4.41.0->sentence-transformers->-r requirements.txt (line 5)) (2024.11.6)
Requirement already satisfied: tokenizers<0.22,>=0.21 in /home/yxn7cj/.conda/envs/gml/lib/python3.12/site-packages (from transformers<5.0.0,>=4.41.0->sentence-transformers->-r requirements.txt (line 5)) (0.21.1)
Requirement already satisfied: safetensors>=0.4.3 in /home/yxn7cj/.conda/envs/gml/lib/python3.12/site-packages (from transformers<5.0.0,>=4.41.0->sentence-transformers->-r requirements.txt (line 5)) (0.5.3)
Requirement already satisfied: absl-py>=0.4 in /home/yxn7cj/.conda/envs/gml/lib/python3.12/site-packages (from tensorboard->-r requirements.txt (line 7)) (2.2.2)
Requirement already satisfied: grpcio>=1.48.2 in /home/yxn7cj/.conda/envs/gml/lib/python3.12/site-packages (from tensorboard->-r requirements.txt (line 7)) (1.71.0)
Requirement already satisfied: markdown>=2.6.8 in /home/yxn7cj/.conda/envs/gml/lib/python3.12/site-packages (from tensorboard->-r requirements.txt (line 7)) (3.8)
Requirement already satisfied: protobuf!=4.24.0,>=3.19.6 in /home/yxn7cj/.conda/envs/gml/lib/python3.12/site-packages (from tensorboard->-r requirements.txt (line 7)) (5.29.4)
Requirement already satisfied: setuptools>=41.0.0 in /home/yxn7cj/.conda/envs/gml/lib/python3.12/site-packages (from tensorboard->-r requirements.txt (line 7)) (75.8.2)
Requirement already satisfied: six>1.9 in /home/yxn7cj/.conda/envs/gml/lib/python3.12/site-packages (from tensorboard->-r requirements.txt (line 7)) (1.17.0)
Requirement already satisfied: tensorboard-data-server<0.8.0,>=0.7.0 in /home/yxn7cj/.conda/envs/gml/lib/python3.12/site-packages (from tensorboard->-r requirements.txt (line 7)) (0.7.2)
Requirement already satisfied: werkzeug>=1.0.1 in /home/yxn7cj/.conda/envs/gml/lib/python3.12/site-packages (from tensorboard->-r requirements.txt (line 7)) (3.1.3)
Requirement already satisfied: tensorflow<2.20,>=2.19 in /home/yxn7cj/.conda/envs/gml/lib/python3.12/site-packages (from tf-keras->-r requirements.txt (line 8)) (2.19.0)
Requirement already satisfied: astunparse>=1.6.0 in /home/yxn7cj/.conda/envs/gml/lib/python3.12/site-packages (from tensorflow<2.20,>=2.19->tf-keras->-r requirements.txt (line 8)) (1.6.3)
Requirement already satisfied: flatbuffers>=24.3.25 in /home/yxn7cj/.conda/envs/gml/lib/python3.12/site-packages (from tensorflow<2.20,>=2.19->tf-keras->-r requirements.txt (line 8)) (25.2.10)
Requirement already satisfied: gast!=0.5.0,!=0.5.1,!=0.5.2,>=0.2.1 in /home/yxn7cj/.conda/envs/gml/lib/python3.12/site-packages (from tensorflow<2.20,>=2.19->tf-keras->-r requirements.txt (line 8)) (0.6.0)
Requirement already satisfied: google-pasta>=0.1.1 in /home/yxn7cj/.conda/envs/gml/lib/python3.12/site-packages (from tensorflow<2.20,>=2.19->tf-keras->-r requirements.txt (line 8)) (0.2.0)
Requirement already satisfied: libclang>=13.0.0 in /home/yxn7cj/.conda/envs/gml/lib/python3.12/site-packages (from tensorflow<2.20,>=2.19->tf-keras->-r requirements.txt (line 8)) (18.1.1)
Requirement already satisfied: opt-einsum>=2.3.2 in /home/yxn7cj/.conda/envs/gml/lib/python3.12/site-packages (from tensorflow<2.20,>=2.19->tf-keras->-r requirements.txt (line 8)) (3.4.0)
Requirement already satisfied: termcolor>=1.1.0 in /home/yxn7cj/.conda/envs/gml/lib/python3.12/site-packages (from tensorflow<2.20,>=2.19->tf-keras->-r requirements.txt (line 8)) (3.0.1)
Requirement already satisfied: wrapt>=1.11.0 in /home/yxn7cj/.conda/envs/gml/lib/python3.12/site-packages (from tensorflow<2.20,>=2.19->tf-keras->-r requirements.txt (line 8)) (1.17.2)
Requirement already satisfied: keras>=3.5.0 in /home/yxn7cj/.conda/envs/gml/lib/python3.12/site-packages (from tensorflow<2.20,>=2.19->tf-keras->-r requirements.txt (line 8)) (3.9.2)
Requirement already satisfied: h5py>=3.11.0 in /home/yxn7cj/.conda/envs/gml/lib/python3.12/site-packages (from tensorflow<2.20,>=2.19->tf-keras->-r requirements.txt (line 8)) (3.13.0)
Requirement already satisfied: ml-dtypes<1.0.0,>=0.5.1 in /home/yxn7cj/.conda/envs/gml/lib/python3.12/site-packages (from tensorflow<2.20,>=2.19->tf-keras->-r requirements.txt (line 8)) (0.5.1)
Requirement already satisfied: wheel<1.0,>=0.23.0 in /home/yxn7cj/.conda/envs/gml/lib/python3.12/site-packages (from astunparse>=1.6.0->tensorflow<2.20,>=2.19->tf-keras->-r requirements.txt (line 8)) (0.45.1)
Requirement already satisfied: rich in /home/yxn7cj/.conda/envs/gml/lib/python3.12/site-packages (from keras>=3.5.0->tensorflow<2.20,>=2.19->tf-keras->-r requirements.txt (line 8)) (14.0.0)
Requirement already satisfied: namex in /home/yxn7cj/.conda/envs/gml/lib/python3.12/site-packages (from keras>=3.5.0->tensorflow<2.20,>=2.19->tf-keras->-r requirements.txt (line 8)) (0.0.9)
Requirement already satisfied: optree in /home/yxn7cj/.conda/envs/gml/lib/python3.12/site-packages (from keras>=3.5.0->tensorflow<2.20,>=2.19->tf-keras->-r requirements.txt (line 8)) (0.15.0)
Requirement already satisfied: networkx in /home/yxn7cj/.conda/envs/gml/lib/python3.12/site-packages (from torch>=1.11.0->sentence-transformers->-r requirements.txt (line 5)) (3.4.2)
Requirement already satisfied: nvidia-cuda-nvrtc-cu12==12.4.127 in /home/yxn7cj/.conda/envs/gml/lib/python3.12/site-packages (from torch>=1.11.0->sentence-transformers->-r requirements.txt (line 5)) (12.4.127)
Requirement already satisfied: nvidia-cuda-runtime-cu12==12.4.127 in /home/yxn7cj/.conda/envs/gml/lib/python3.12/site-packages (from torch>=1.11.0->sentence-transformers->-r requirements.txt (line 5)) (12.4.127)
Requirement already satisfied: nvidia-cuda-cupti-cu12==12.4.127 in /home/yxn7cj/.conda/envs/gml/lib/python3.12/site-packages (from torch>=1.11.0->sentence-transformers->-r requirements.txt (line 5)) (12.4.127)
Requirement already satisfied: nvidia-cudnn-cu12==9.1.0.70 in /home/yxn7cj/.conda/envs/gml/lib/python3.12/site-packages (from torch>=1.11.0->sentence-transformers->-r requirements.txt (line 5)) (9.1.0.70)
Requirement already satisfied: nvidia-cublas-cu12==12.4.5.8 in /home/yxn7cj/.conda/envs/gml/lib/python3.12/site-packages (from torch>=1.11.0->sentence-transformers->-r requirements.txt (line 5)) (12.4.5.8)
Requirement already satisfied: nvidia-cufft-cu12==11.2.1.3 in /home/yxn7cj/.conda/envs/gml/lib/python3.12/site-packages (from torch>=1.11.0->sentence-transformers->-r requirements.txt (line 5)) (11.2.1.3)
Requirement already satisfied: nvidia-curand-cu12==10.3.5.147 in /home/yxn7cj/.conda/envs/gml/lib/python3.12/site-packages (from torch>=1.11.0->sentence-transformers->-r requirements.txt (line 5)) (10.3.5.147)
Requirement already satisfied: nvidia-cusolver-cu12==11.6.1.9 in /home/yxn7cj/.conda/envs/gml/lib/python3.12/site-packages (from torch>=1.11.0->sentence-transformers->-r requirements.txt (line 5)) (11.6.1.9)
Requirement already satisfied: nvidia-cusparse-cu12==12.3.1.170 in /home/yxn7cj/.conda/envs/gml/lib/python3.12/site-packages (from torch>=1.11.0->sentence-transformers->-r requirements.txt (line 5)) (12.3.1.170)
Requirement already satisfied: nvidia-nccl-cu12==2.21.5 in /home/yxn7cj/.conda/envs/gml/lib/python3.12/site-packages (from torch>=1.11.0->sentence-transformers->-r requirements.txt (line 5)) (2.21.5)
Requirement already satisfied: nvidia-nvtx-cu12==12.4.127 in /home/yxn7cj/.conda/envs/gml/lib/python3.12/site-packages (from torch>=1.11.0->sentence-transformers->-r requirements.txt (line 5)) (12.4.127)
Requirement already satisfied: nvidia-nvjitlink-cu12==12.4.127 in /home/yxn7cj/.conda/envs/gml/lib/python3.12/site-packages (from torch>=1.11.0->sentence-transformers->-r requirements.txt (line 5)) (12.4.127)
Requirement already satisfied: triton==3.1.0 in /home/yxn7cj/.conda/envs/gml/lib/python3.12/site-packages (from torch>=1.11.0->sentence-transformers->-r requirements.txt (line 5)) (3.1.0)
Requirement already satisfied: sympy==1.13.1 in /home/yxn7cj/.conda/envs/gml/lib/python3.12/site-packages (from torch>=1.11.0->sentence-transformers->-r requirements.txt (line 5)) (1.13.1)
Requirement already satisfied: mpmath<1.4,>=1.1.0 in /home/yxn7cj/.conda/envs/gml/lib/python3.12/site-packages (from sympy==1.13.1->torch>=1.11.0->sentence-transformers->-r requirements.txt (line 5)) (1.3.0)
Requirement already satisfied: MarkupSafe>=2.1.1 in /home/yxn7cj/.conda/envs/gml/lib/python3.12/site-packages (from werkzeug>=1.0.1->tensorboard->-r requirements.txt (line 7)) (3.0.2)
Requirement already satisfied: aiohappyeyeballs>=2.3.0 in /home/yxn7cj/.conda/envs/gml/lib/python3.12/site-packages (from aiohttp->torch_geometric->-r requirements.txt (line 3)) (2.6.1)
Requirement already satisfied: aiosignal>=1.1.2 in /home/yxn7cj/.conda/envs/gml/lib/python3.12/site-packages (from aiohttp->torch_geometric->-r requirements.txt (line 3)) (1.3.2)
Requirement already satisfied: attrs>=17.3.0 in /home/yxn7cj/.conda/envs/gml/lib/python3.12/site-packages (from aiohttp->torch_geometric->-r requirements.txt (line 3)) (25.3.0)
Requirement already satisfied: frozenlist>=1.1.1 in /home/yxn7cj/.conda/envs/gml/lib/python3.12/site-packages (from aiohttp->torch_geometric->-r requirements.txt (line 3)) (1.5.0)
Requirement already satisfied: multidict<7.0,>=4.5 in /home/yxn7cj/.conda/envs/gml/lib/python3.12/site-packages (from aiohttp->torch_geometric->-r requirements.txt (line 3)) (6.2.0)
Requirement already satisfied: propcache>=0.2.0 in /home/yxn7cj/.conda/envs/gml/lib/python3.12/site-packages (from aiohttp->torch_geometric->-r requirements.txt (line 3)) (0.3.1)
Requirement already satisfied: yarl<2.0,>=1.17.0 in /home/yxn7cj/.conda/envs/gml/lib/python3.12/site-packages (from aiohttp->torch_geometric->-r requirements.txt (line 3)) (1.18.3)
Requirement already satisfied: markdown-it-py>=2.2.0 in /home/yxn7cj/.conda/envs/gml/lib/python3.12/site-packages (from rich->keras>=3.5.0->tensorflow<2.20,>=2.19->tf-keras->-r requirements.txt (line 8)) (3.0.0)
Requirement already satisfied: pygments<3.0.0,>=2.13.0 in /home/yxn7cj/.conda/envs/gml/lib/python3.12/site-packages (from rich->keras>=3.5.0->tensorflow<2.20,>=2.19->tf-keras->-r requirements.txt (line 8)) (2.19.1)
Requirement already satisfied: mdurl~=0.1 in /home/yxn7cj/.conda/envs/gml/lib/python3.12/site-packages (from markdown-it-py>=2.2.0->rich->keras>=3.5.0->tensorflow<2.20,>=2.19->tf-keras->-r requirements.txt (line 8)) (0.1.2)
Requirement already satisfied: joblib>=1.2.0 in /home/yxn7cj/.conda/envs/gml/lib/python3.12/site-packages (from scikit-learn->sentence-transformers->-r requirements.txt (line 5)) (1.4.2)
Requirement already satisfied: threadpoolctl>=3.1.0 in /home/yxn7cj/.conda/envs/gml/lib/python3.12/site-packages (from scikit-learn->sentence-transformers->-r requirements.txt (line 5)) (3.6.0)
