Output directory 'dataset' ensured.
Loading data from dataset/reviews_Video_Games_5.json.gz...
Loaded 231780 records.
Creating DataFrame...
DataFrame created.

--- Generating Sentence Embeddings ---
Loading SentenceTransformer model (all-mpnet-base-v2)...
Model loaded.
Preparing text for embedding...
Prepared 231780 review texts for embedding.
Starting embedding generation...
Generated embeddings of shape: (231780, 768)
Aggregating embeddings per product (ASIN)...
Grouping embeddings by ASIN...
Found 10672 unique products (ASINs).
Aggregated embeddings for 10672 products.
Saving aggregated product embeddings to dataset/Video_Games_embeddings.pt...
Embeddings saved successfully.

--- Calculating Product Features ---
Calculating average overall rating...
Average rating calculation complete.
Calculating helpfulness features...
Extracting helpful votes...
Calculating per-review helpfulness ratio...
Aggregating helpfulness data per product...
Helpfulness feature aggregation complete.
Merging helpfulness features...
Helpfulness features merged.
Combining all calculated features...
All features merged.
Filling potential NaN values in final features...
NaN filling complete.
Final Product Features Head:
         asin  ...  avg_helpful_ratio
0  0700099867  ...           0.614121
1  6050036071  ...           0.628571
2  7100027950  ...           0.526042
3  7293000936  ...           0.583333
4  8176503290  ...           0.600000

[5 rows x 6 columns]

Converting features DataFrame to asin: tensor dictionary...
Saving product features dictionary to dataset/Video_Games_features.pt...
Features saved successfully.

Processing for category 'Video_Games' complete.
