Number of ASINs in Digital_Music: 3568
Number of ASINs in Video_Games: 10672
Number of ASINs in Pet_Supplies: 8510
Starting graph construction from: dataset/metadata.json.gz
Filtering for 22750 required ASINs.
Graph construction complete. Graph contains 22750 nodes.

Graph constructed with 22750 nodes.

Details for node 'B000034DMT':
{'also_bought': ['B00004ZCP0',
                 'B000034DC7',
                 'B00000DMAV',
                 'B00000K2X5',
                 'B000K6TOK6',
                 'B00001X50M',
                 'B001TEYMRI',
                 'B0000TSR4C',
                 'B00001ZUL7',
                 'B000637T7S',
                 'B00000DMAU',
                 'B000006RGS',
                 'B000PWAAAI',
                 'B00005MA97',
                 'B0045L3SNQ',
                 'B00000I1BR',
                 'B00000IODY',
                 'B00004XOWT',
                 'B00001QED2',
                 'B00001QHW9',
                 'B000021Y5P',
                 'B00002R28F',
                 'B000038ABK',
                 'B000034DCF',
                 'B00000I1BQ',
                 'B00004YZAO',
                 'B00004U4R8',
                 'B000034DC6',
                 'B00004TBGT',
                 'B00000K1VA',
                 'B000034DMG',
                 'B00000I1BF',
                 'B00000DMAR',
                 'B000006P0K',
                 'B00004TEXU',
                 'B00000I1C1',
                 'B00001ZWMV',
                 'B00000K1VE',
                 'B000029706',
                 'B00005NISJ',
                 'B00004W4QS',
                 'B00000I1BG',
                 'B000038ABQ',
                 'B00008G97F',
                 'B00004R9IG',
                 'B000006RGR',
                 'B00004YRQ9',
                 'B000006RGQ',
                 'B00000I1BS',
                 'B00004YRQA',
                 'B00000I1BY',
                 'B0000696CZ',
                 'B00005OLX1',
                 'B00000DMB6',
                 'B00000I1BK',
                 'B00002R28M',
                 'B00005NGR0',
                 'B00005V6BE',
                 'B000TLU67W',
                 'B0000C4M22',
                 'B00004LN2T',
                 'B00000IJVY',
                 'B00001QER9',
                 'B00000K0DJ',
                 'B000F0GX8I',
                 'B000GACEHQ',
                 'B00005O0I2',
                 'B00005ML10',
                 'B0000A8VBZ',
                 'B00006Z7I3',
                 'B00000JNHJ',
                 'B00004R8XR',
                 'B0000C7GHG',
                 'B00005J536',
                 'B00000I1BX',
                 'B00000K2R4',
                 'B00004SPW9',
                 'B00020LZAW',
                 'B00000K1VK',
                 'B00000J96V',
                 'B00000IZ8A',
                 'B003O65TXU',
                 'B00005YXW7'],
 'also_viewed': [],
 'bought_together': ['B00004ZCP0']}

Details for node 'B000AYEIWW':
{'also_bought': ['B000002KC2',
                 'B000002KOS',
                 'B000002MSS',
                 'B00004YNGK',
                 'B0001XANAS',
                 'B000002KHQ',
                 'B00004T9TV',
                 'B000002UUF',
                 'B000002GVS',
                 'B000B66PDO',
                 'B0000024YL',
                 'B000001EW7',
                 'B0000DD79B',
                 'B00006RAKP',
                 'B000GG4XHY',
                 'B0000CD5FR',
                 'B000EHQ80A',
                 'B000051Y37',
                 'B00004S51Y',
                 'B001NESP54',
                 'B00004W50Z'],
 'also_viewed': [],
 'bought_together': []}

Graph saved to 'dataset/metadata_graph.pt'.
