Loading edge data...
Loaded edges for 22750 source ASINs.
Loading review features...
Loading node review embeddings...
Loading node metadata (parquet)...
Processing node metadata...
Processed metadata for 22750 unique nodes.
Created mapping for 22750 nodes.
Using device: cuda
Adding price feature...
Concatenating all node features...
Final node feature matrix shape: torch.Size([22750, 1])

Initial PyG Data object created:
Data(x=[22750, 1])

Processing edges to create edge_index...

Edge processing complete in 0.46 seconds.
Total edges added ('also_bought' + 'bought_together'): 891673

Final PyG Data object:
Data(x=[22750, 1], edge_index=[2, 891673])

Saving Data object...
Data object saved.
