Loading edge data...
Loaded edges for 22750 source ASINs.
Loading review features...
Loaded review features for 22750 ASINs.
Loading node review embeddings...
Loaded node review embeddings for 22750 ASINs.
Loading node metadata (parquet)...
Processing node metadata...
Processed metadata for 22750 unique nodes.
Created mapping for 22750 nodes.
Using device: cuda
Initialized SequenceEncoder with model all-mpnet-base-v2 on device cuda
Initialized SequenceEncoder with model all-mpnet-base-v2 on device cuda
Encoding column: title
Encoding 22750 items with SequenceEncoder...
Encoding complete.
Encoding column: brand
Encoding 22750 items with SequenceEncoder...
Encoding complete.
Encoding column: categories
Encoding genres...
Built genre mapping with 667 unique genres.
Genre encoding complete.
Adding price feature...
Adding node review embeddings...
Found node embeddings for 22750/22750 ASINs.
Adding review features...
Found review features for 22750/22750 ASINs.
Concatenating all node features...
Final node feature matrix shape: torch.Size([22750, 2977])

Initial PyG Data object created:
Data(x=[22750, 2977])

Processing edges to create edge_index...

Edge processing complete in 0.40 seconds.
Total edges added ('also_bought' + 'bought_together'): 891673

Final PyG Data object:
Data(x=[22750, 2977], edge_index=[2, 891673])

Saving Data object...
Data object saved.
