Using device: cuda
TensorBoard logs will be saved in: runs/Apr28_02-31-13_udc-aj36-36
Loading preprocessed data from specified path: dataset/processed_graph_data_no_llm.pt

--- Data Splits ---
Train Data: Data(x=[22750, 668], edge_index=[2, 1144308], edge_label=[572154], edge_label_index=[2, 572154])
Validation Data: Data(x=[22750, 668], edge_index=[2, 1144308], edge_label=[67312], edge_label_index=[2, 67312])
Test Data: Data(x=[22750, 668], edge_index=[2, 1211620], edge_label=[134624], edge_label_index=[2, 134624])
--------------------

--- Starting Training ---

Epoch 001: New best validation AUC: 0.7884
Epoch: 001, Loss: 0.6772, Val AUC: 0.7884, Test AUC: 0.7872

Epoch 003: New best validation AUC: 0.8222
Epoch: 010, Loss: 0.6811, Val AUC: 0.8016, Test AUC: 0.8017
Epoch: 020, Loss: 0.6588, Val AUC: 0.8160, Test AUC: 0.8146

Epoch 027: New best validation AUC: 0.8244

Epoch 028: New best validation AUC: 0.8304

Epoch 029: New best validation AUC: 0.8393

Epoch 030: New best validation AUC: 0.8462
Epoch: 030, Loss: 0.6119, Val AUC: 0.8462, Test AUC: 0.8463

Epoch 031: New best validation AUC: 0.8473

Epoch 032: New best validation AUC: 0.8476

Epoch 033: New best validation AUC: 0.8538

Epoch 034: New best validation AUC: 0.8673

Epoch 035: New best validation AUC: 0.8811

Epoch 036: New best validation AUC: 0.8883

Epoch 037: New best validation AUC: 0.8921

Epoch 038: New best validation AUC: 0.9026

Epoch 039: New best validation AUC: 0.9104

Epoch 040: New best validation AUC: 0.9129
Epoch: 040, Loss: 0.5203, Val AUC: 0.9129, Test AUC: 0.9118

Epoch 041: New best validation AUC: 0.9152

Epoch 042: New best validation AUC: 0.9162

Epoch 044: New best validation AUC: 0.9182

Epoch 045: New best validation AUC: 0.9197

Epoch 048: New best validation AUC: 0.9212

Epoch 049: New best validation AUC: 0.9221

Epoch 050: New best validation AUC: 0.9223
Epoch: 050, Loss: 0.4934, Val AUC: 0.9223, Test AUC: 0.9216

Epoch 051: New best validation AUC: 0.9225

Epoch 052: New best validation AUC: 0.9234

Epoch 053: New best validation AUC: 0.9248

Epoch 054: New best validation AUC: 0.9258

Epoch 055: New best validation AUC: 0.9267

Epoch 056: New best validation AUC: 0.9273

Epoch 057: New best validation AUC: 0.9278

Epoch 058: New best validation AUC: 0.9287

Epoch 059: New best validation AUC: 0.9293

Epoch 060: New best validation AUC: 0.9294
Epoch: 060, Loss: 0.4855, Val AUC: 0.9294, Test AUC: 0.9290

Epoch 061: New best validation AUC: 0.9305

Epoch 062: New best validation AUC: 0.9306

Epoch 064: New best validation AUC: 0.9315

Epoch 065: New best validation AUC: 0.9317

Epoch 067: New best validation AUC: 0.9322

Epoch 068: New best validation AUC: 0.9329

Epoch 069: New best validation AUC: 0.9329
Epoch: 070, Loss: 0.4808, Val AUC: 0.9328, Test AUC: 0.9326

Epoch 071: New best validation AUC: 0.9338

Epoch 072: New best validation AUC: 0.9342

Epoch 074: New best validation AUC: 0.9342

Epoch 075: New best validation AUC: 0.9348

Epoch 076: New best validation AUC: 0.9351

Epoch 077: New best validation AUC: 0.9351

Epoch 078: New best validation AUC: 0.9355

Epoch 079: New best validation AUC: 0.9360

Epoch 080: New best validation AUC: 0.9364
Epoch: 080, Loss: 0.4781, Val AUC: 0.9364, Test AUC: 0.9360

Epoch 081: New best validation AUC: 0.9365

Epoch 082: New best validation AUC: 0.9368

Epoch 083: New best validation AUC: 0.9374

Epoch 084: New best validation AUC: 0.9377

Epoch 086: New best validation AUC: 0.9382

Epoch 087: New best validation AUC: 0.9386

Epoch 089: New best validation AUC: 0.9386

Epoch 090: New best validation AUC: 0.9392
Epoch: 090, Loss: 0.4760, Val AUC: 0.9392, Test AUC: 0.9386

Epoch 091: New best validation AUC: 0.9394

Epoch 093: New best validation AUC: 0.9398

Epoch 094: New best validation AUC: 0.9402

Epoch 095: New best validation AUC: 0.9403

Epoch 096: New best validation AUC: 0.9404

Epoch 097: New best validation AUC: 0.9409

Epoch 098: New best validation AUC: 0.9411

Epoch 099: New best validation AUC: 0.9412

Epoch 100: New best validation AUC: 0.9415
Epoch: 100, Loss: 0.4749, Val AUC: 0.9415, Test AUC: 0.9408

Epoch 101: New best validation AUC: 0.9417

Epoch 102: New best validation AUC: 0.9419

Epoch 104: New best validation AUC: 0.9423

Epoch 105: New best validation AUC: 0.9426

Epoch 106: New best validation AUC: 0.9426

Epoch 107: New best validation AUC: 0.9430

Epoch 108: New best validation AUC: 0.9433

Epoch 110: New best validation AUC: 0.9439
Epoch: 110, Loss: 0.4727, Val AUC: 0.9439, Test AUC: 0.9431

Epoch 111: New best validation AUC: 0.9441

Epoch 112: New best validation AUC: 0.9443

Epoch 113: New best validation AUC: 0.9447

Epoch 114: New best validation AUC: 0.9450

Epoch 115: New best validation AUC: 0.9455

Epoch 116: New best validation AUC: 0.9456

Epoch 117: New best validation AUC: 0.9463

Epoch 118: New best validation AUC: 0.9465

Epoch 119: New best validation AUC: 0.9470

Epoch 120: New best validation AUC: 0.9475
Epoch: 120, Loss: 0.4693, Val AUC: 0.9475, Test AUC: 0.9467

Epoch 121: New best validation AUC: 0.9480

Epoch 122: New best validation AUC: 0.9485

Epoch 123: New best validation AUC: 0.9491

Epoch 124: New best validation AUC: 0.9496

Epoch 125: New best validation AUC: 0.9503

Epoch 126: New best validation AUC: 0.9509

Epoch 127: New best validation AUC: 0.9517

Epoch 128: New best validation AUC: 0.9522

Epoch 129: New best validation AUC: 0.9532

Epoch 130: New best validation AUC: 0.9533
Epoch: 130, Loss: 0.4633, Val AUC: 0.9533, Test AUC: 0.9528

Epoch 131: New best validation AUC: 0.9545

Epoch 133: New best validation AUC: 0.9556

Epoch 134: New best validation AUC: 0.9559

Epoch 136: New best validation AUC: 0.9566

Epoch 138: New best validation AUC: 0.9568

Epoch 139: New best validation AUC: 0.9570
Epoch: 140, Loss: 0.4577, Val AUC: 0.9567, Test AUC: 0.9565

Epoch 141: New best validation AUC: 0.9572

Epoch 142: New best validation AUC: 0.9573

Epoch 144: New best validation AUC: 0.9577

Epoch 145: New best validation AUC: 0.9580

Epoch 146: New best validation AUC: 0.9581

Epoch 147: New best validation AUC: 0.9585

Epoch 148: New best validation AUC: 0.9588

Epoch 149: New best validation AUC: 0.9589

Epoch 150: New best validation AUC: 0.9593
Epoch: 150, Loss: 0.4530, Val AUC: 0.9593, Test AUC: 0.9592

Epoch 151: New best validation AUC: 0.9597

Epoch 152: New best validation AUC: 0.9597

Epoch 153: New best validation AUC: 0.9602

Epoch 154: New best validation AUC: 0.9606

Epoch 155: New best validation AUC: 0.9606

Epoch 156: New best validation AUC: 0.9611

Epoch 157: New best validation AUC: 0.9612

Epoch 158: New best validation AUC: 0.9613

Epoch 159: New best validation AUC: 0.9618

Epoch 160: New best validation AUC: 0.9621
Epoch: 160, Loss: 0.4481, Val AUC: 0.9621, Test AUC: 0.9620

Epoch 161: New best validation AUC: 0.9622

Epoch 162: New best validation AUC: 0.9626

Epoch 163: New best validation AUC: 0.9629

Epoch 164: New best validation AUC: 0.9631

Epoch 165: New best validation AUC: 0.9636

Epoch 166: New best validation AUC: 0.9638

Epoch 167: New best validation AUC: 0.9640

Epoch 168: New best validation AUC: 0.9643

Epoch 169: New best validation AUC: 0.9645

Epoch 170: New best validation AUC: 0.9645
Epoch: 170, Loss: 0.4442, Val AUC: 0.9645, Test AUC: 0.9646

Epoch 171: New best validation AUC: 0.9650

Epoch 172: New best validation AUC: 0.9654

Epoch 173: New best validation AUC: 0.9657

Epoch 174: New best validation AUC: 0.9658

Epoch 175: New best validation AUC: 0.9661

Epoch 176: New best validation AUC: 0.9665

Epoch 177: New best validation AUC: 0.9667

Epoch 179: New best validation AUC: 0.9672

Epoch 180: New best validation AUC: 0.9674
Epoch: 180, Loss: 0.4407, Val AUC: 0.9674, Test AUC: 0.9674

Epoch 181: New best validation AUC: 0.9675

Epoch 182: New best validation AUC: 0.9678

Epoch 183: New best validation AUC: 0.9679

Epoch 184: New best validation AUC: 0.9683

Epoch 185: New best validation AUC: 0.9683

Epoch 186: New best validation AUC: 0.9686

Epoch 188: New best validation AUC: 0.9688

Epoch 190: New best validation AUC: 0.9689
Epoch: 190, Loss: 0.4411, Val AUC: 0.9689, Test AUC: 0.9692

Epoch 191: New best validation AUC: 0.9692

Epoch 193: New best validation AUC: 0.9695

Epoch 196: New best validation AUC: 0.9699

Epoch 197: New best validation AUC: 0.9699

Epoch 199: New best validation AUC: 0.9702

Epoch 200: New best validation AUC: 0.9703
Epoch: 200, Loss: 0.4347, Val AUC: 0.9703, Test AUC: 0.9706

Epoch 202: New best validation AUC: 0.9705

Epoch 203: New best validation AUC: 0.9708

Epoch 205: New best validation AUC: 0.9709

Epoch 206: New best validation AUC: 0.9711

Epoch 208: New best validation AUC: 0.9714

Epoch 209: New best validation AUC: 0.9715
Epoch: 210, Loss: 0.4320, Val AUC: 0.9714, Test AUC: 0.9715

Epoch 211: New best validation AUC: 0.9717

Epoch 212: New best validation AUC: 0.9719

Epoch 214: New best validation AUC: 0.9722

Epoch 215: New best validation AUC: 0.9722

Epoch 217: New best validation AUC: 0.9725

Epoch 218: New best validation AUC: 0.9726

Epoch 219: New best validation AUC: 0.9726

Epoch 220: New best validation AUC: 0.9728
Epoch: 220, Loss: 0.4291, Val AUC: 0.9728, Test AUC: 0.9729

Epoch 221: New best validation AUC: 0.9730

Epoch 223: New best validation AUC: 0.9731

Epoch 224: New best validation AUC: 0.9732

Epoch 225: New best validation AUC: 0.9733

Epoch 228: New best validation AUC: 0.9735

Epoch 229: New best validation AUC: 0.9736
Epoch: 230, Loss: 0.4247, Val AUC: 0.9735, Test AUC: 0.9734

Epoch 231: New best validation AUC: 0.9737

Epoch 232: New best validation AUC: 0.9738

Epoch 233: New best validation AUC: 0.9739

Epoch 234: New best validation AUC: 0.9739

Epoch 235: New best validation AUC: 0.9740

Epoch 236: New best validation AUC: 0.9741

Epoch 237: New best validation AUC: 0.9742

Epoch 239: New best validation AUC: 0.9743
Epoch: 240, Loss: 0.4246, Val AUC: 0.9740, Test AUC: 0.9741

Epoch 241: New best validation AUC: 0.9743

Epoch 243: New best validation AUC: 0.9746

Epoch 246: New best validation AUC: 0.9746

Epoch 247: New best validation AUC: 0.9747

Epoch 249: New best validation AUC: 0.9747

Epoch 250: New best validation AUC: 0.9748
Epoch: 250, Loss: 0.4218, Val AUC: 0.9748, Test AUC: 0.9750

Epoch 252: New best validation AUC: 0.9748

Epoch 253: New best validation AUC: 0.9749

Epoch 255: New best validation AUC: 0.9750

Epoch 258: New best validation AUC: 0.9750

Epoch 259: New best validation AUC: 0.9751
Epoch: 260, Loss: 0.4216, Val AUC: 0.9748, Test AUC: 0.9750

Epoch 262: New best validation AUC: 0.9753

Epoch 264: New best validation AUC: 0.9754

Epoch 265: New best validation AUC: 0.9756

Epoch 267: New best validation AUC: 0.9758

Epoch 270: New best validation AUC: 0.9759
Epoch: 270, Loss: 0.4200, Val AUC: 0.9759, Test AUC: 0.9761

Epoch 271: New best validation AUC: 0.9759

Epoch 273: New best validation AUC: 0.9760

Epoch 274: New best validation AUC: 0.9761

Epoch 276: New best validation AUC: 0.9762

Epoch 277: New best validation AUC: 0.9763

Epoch 280: New best validation AUC: 0.9763
Epoch: 280, Loss: 0.4188, Val AUC: 0.9763, Test AUC: 0.9765

Epoch 281: New best validation AUC: 0.9764

Epoch 283: New best validation AUC: 0.9765

Epoch 284: New best validation AUC: 0.9766

Epoch 285: New best validation AUC: 0.9767

Epoch 286: New best validation AUC: 0.9767

Epoch 287: New best validation AUC: 0.9768

Epoch 288: New best validation AUC: 0.9769

Epoch 289: New best validation AUC: 0.9770

Epoch 290: New best validation AUC: 0.9770
Epoch: 290, Loss: 0.4165, Val AUC: 0.9770, Test AUC: 0.9773

Epoch 291: New best validation AUC: 0.9770

Epoch 292: New best validation AUC: 0.9771

Epoch 295: New best validation AUC: 0.9772

Epoch 298: New best validation AUC: 0.9774

Epoch 300: New best validation AUC: 0.9774
Epoch: 300, Loss: 0.4158, Val AUC: 0.9774, Test AUC: 0.9776

Epoch 301: New best validation AUC: 0.9775

Epoch 303: New best validation AUC: 0.9776

Epoch 304: New best validation AUC: 0.9776

Epoch 306: New best validation AUC: 0.9776

Epoch 307: New best validation AUC: 0.9776

Epoch 308: New best validation AUC: 0.9776

Epoch 309: New best validation AUC: 0.9777
Epoch: 310, Loss: 0.4146, Val AUC: 0.9777, Test AUC: 0.9778

Epoch 311: New best validation AUC: 0.9778

Epoch 312: New best validation AUC: 0.9779

Epoch 314: New best validation AUC: 0.9779

Epoch 315: New best validation AUC: 0.9779

Epoch 316: New best validation AUC: 0.9780

Epoch 317: New best validation AUC: 0.9780

Epoch 318: New best validation AUC: 0.9781

Epoch 319: New best validation AUC: 0.9781

Epoch 320: New best validation AUC: 0.9782
Epoch: 320, Loss: 0.4140, Val AUC: 0.9782, Test AUC: 0.9783

Epoch 321: New best validation AUC: 0.9782

Epoch 322: New best validation AUC: 0.9783

Epoch 325: New best validation AUC: 0.9784

Epoch 327: New best validation AUC: 0.9785

Epoch 328: New best validation AUC: 0.9786

Epoch 329: New best validation AUC: 0.9786

Epoch 330: New best validation AUC: 0.9787
Epoch: 330, Loss: 0.4137, Val AUC: 0.9787, Test AUC: 0.9788

Epoch 331: New best validation AUC: 0.9787

Epoch 332: New best validation AUC: 0.9789

Epoch 333: New best validation AUC: 0.9789

Epoch 334: New best validation AUC: 0.9790

Epoch 335: New best validation AUC: 0.9790

Epoch 336: New best validation AUC: 0.9791

Epoch 337: New best validation AUC: 0.9792

Epoch 338: New best validation AUC: 0.9792

Epoch 339: New best validation AUC: 0.9793

Epoch 340: New best validation AUC: 0.9793
Epoch: 340, Loss: 0.4120, Val AUC: 0.9793, Test AUC: 0.9793

Epoch 341: New best validation AUC: 0.9794

Epoch 342: New best validation AUC: 0.9795

Epoch 343: New best validation AUC: 0.9796

Epoch 344: New best validation AUC: 0.9797

Epoch 346: New best validation AUC: 0.9798

Epoch 350: New best validation AUC: 0.9799
Epoch: 350, Loss: 0.4163, Val AUC: 0.9799, Test AUC: 0.9800

Epoch 353: New best validation AUC: 0.9800

Epoch 354: New best validation AUC: 0.9800

Epoch 357: New best validation AUC: 0.9801

Epoch 358: New best validation AUC: 0.9801

Epoch 360: New best validation AUC: 0.9802
Epoch: 360, Loss: 0.4114, Val AUC: 0.9802, Test AUC: 0.9802

Epoch 361: New best validation AUC: 0.9802

Epoch 363: New best validation AUC: 0.9802

Epoch 364: New best validation AUC: 0.9803

Epoch 367: New best validation AUC: 0.9804

Epoch 370: New best validation AUC: 0.9805
Epoch: 370, Loss: 0.4110, Val AUC: 0.9805, Test AUC: 0.9805

Epoch 373: New best validation AUC: 0.9805

Epoch 374: New best validation AUC: 0.9806

Epoch 376: New best validation AUC: 0.9806

Epoch 377: New best validation AUC: 0.9807

Epoch 380: New best validation AUC: 0.9808
Epoch: 380, Loss: 0.4098, Val AUC: 0.9808, Test AUC: 0.9808

Epoch 383: New best validation AUC: 0.9808

Epoch 384: New best validation AUC: 0.9808

Epoch 386: New best validation AUC: 0.9809

Epoch 387: New best validation AUC: 0.9809

Epoch 390: New best validation AUC: 0.9810
Epoch: 390, Loss: 0.4084, Val AUC: 0.9810, Test AUC: 0.9810

Epoch 391: New best validation AUC: 0.9810

Epoch 392: New best validation AUC: 0.9810

Epoch 393: New best validation AUC: 0.9811

Epoch 394: New best validation AUC: 0.9811

Epoch 395: New best validation AUC: 0.9812

Epoch 396: New best validation AUC: 0.9812

Epoch 397: New best validation AUC: 0.9813

Epoch 399: New best validation AUC: 0.9813

Epoch 400: New best validation AUC: 0.9814
Epoch: 400, Loss: 0.4079, Val AUC: 0.9814, Test AUC: 0.9813

Epoch 401: New best validation AUC: 0.9814

Epoch 402: New best validation AUC: 0.9814

Epoch 403: New best validation AUC: 0.9814

Epoch 405: New best validation AUC: 0.9815

Epoch 408: New best validation AUC: 0.9815

Epoch 409: New best validation AUC: 0.9815
Epoch: 410, Loss: 0.4081, Val AUC: 0.9815, Test AUC: 0.9814

Epoch 411: New best validation AUC: 0.9816

Epoch 412: New best validation AUC: 0.9816

Epoch 416: New best validation AUC: 0.9817

Epoch 417: New best validation AUC: 0.9817

Epoch 419: New best validation AUC: 0.9817
Epoch: 420, Loss: 0.4072, Val AUC: 0.9817, Test AUC: 0.9816

Epoch 421: New best validation AUC: 0.9818

Epoch 422: New best validation AUC: 0.9818

Epoch 425: New best validation AUC: 0.9818

Epoch 430: New best validation AUC: 0.9819
Epoch: 430, Loss: 0.4065, Val AUC: 0.9819, Test AUC: 0.9817

Epoch 431: New best validation AUC: 0.9819

Epoch 433: New best validation AUC: 0.9820

Epoch 436: New best validation AUC: 0.9821

Epoch 439: New best validation AUC: 0.9822
Epoch: 440, Loss: 0.4060, Val AUC: 0.9821, Test AUC: 0.9819

Epoch 442: New best validation AUC: 0.9822

Epoch 444: New best validation AUC: 0.9823

Epoch 447: New best validation AUC: 0.9823

Epoch 449: New best validation AUC: 0.9823

Epoch 450: New best validation AUC: 0.9824
Epoch: 450, Loss: 0.4053, Val AUC: 0.9824, Test AUC: 0.9822

Epoch 455: New best validation AUC: 0.9824

Epoch 457: New best validation AUC: 0.9824

Epoch 458: New best validation AUC: 0.9826
Epoch: 460, Loss: 0.4051, Val AUC: 0.9825, Test AUC: 0.9824

Epoch 461: New best validation AUC: 0.9827

Epoch 469: New best validation AUC: 0.9827

Epoch 470: New best validation AUC: 0.9827
Epoch: 470, Loss: 0.4052, Val AUC: 0.9827, Test AUC: 0.9826

Epoch 473: New best validation AUC: 0.9828

Epoch 474: New best validation AUC: 0.9828

Epoch 476: New best validation AUC: 0.9829

Epoch 478: New best validation AUC: 0.9829
Epoch: 480, Loss: 0.4045, Val AUC: 0.9829, Test AUC: 0.9828

Epoch 481: New best validation AUC: 0.9830

Epoch 483: New best validation AUC: 0.9830

Epoch 485: New best validation AUC: 0.9830

Epoch 486: New best validation AUC: 0.9831

Epoch 488: New best validation AUC: 0.9831

Epoch 489: New best validation AUC: 0.9831
Epoch: 490, Loss: 0.4040, Val AUC: 0.9831, Test AUC: 0.9830

Epoch 491: New best validation AUC: 0.9832

Epoch 495: New best validation AUC: 0.9832

Epoch 499: New best validation AUC: 0.9833

Epoch 500: New best validation AUC: 0.9834
Epoch: 500, Loss: 0.4042, Val AUC: 0.9834, Test AUC: 0.9834

Epoch 502: New best validation AUC: 0.9834

Epoch 505: New best validation AUC: 0.9835
Epoch: 510, Loss: 0.4042, Val AUC: 0.9835, Test AUC: 0.9834

Epoch 516: New best validation AUC: 0.9836

Epoch 519: New best validation AUC: 0.9837
Epoch: 520, Loss: 0.4027, Val AUC: 0.9835, Test AUC: 0.9834

Epoch 522: New best validation AUC: 0.9837

Epoch 527: New best validation AUC: 0.9838

Epoch 530: New best validation AUC: 0.9839
Epoch: 530, Loss: 0.4029, Val AUC: 0.9839, Test AUC: 0.9839

Epoch 533: New best validation AUC: 0.9839

Epoch 538: New best validation AUC: 0.9839
Epoch: 540, Loss: 0.4020, Val AUC: 0.9839, Test AUC: 0.9839

Epoch 541: New best validation AUC: 0.9839

Epoch 543: New best validation AUC: 0.9839

Epoch 545: New best validation AUC: 0.9840

Epoch 546: New best validation AUC: 0.9840

Epoch 547: New best validation AUC: 0.9840

Epoch 548: New best validation AUC: 0.9841

Epoch 550: New best validation AUC: 0.9841
Epoch: 550, Loss: 0.4018, Val AUC: 0.9841, Test AUC: 0.9841

Epoch 551: New best validation AUC: 0.9841

Epoch 555: New best validation AUC: 0.9841

Epoch 558: New best validation AUC: 0.9841

Epoch 559: New best validation AUC: 0.9842
Epoch: 560, Loss: 0.4015, Val AUC: 0.9841, Test AUC: 0.9841

Epoch 563: New best validation AUC: 0.9842
Epoch: 570, Loss: 0.4017, Val AUC: 0.9840, Test AUC: 0.9840

Epoch 571: New best validation AUC: 0.9842

Epoch 573: New best validation AUC: 0.9843

Epoch 576: New best validation AUC: 0.9843

Epoch 578: New best validation AUC: 0.9843
Epoch: 580, Loss: 0.4011, Val AUC: 0.9843, Test AUC: 0.9843

Epoch 581: New best validation AUC: 0.9844

Epoch 583: New best validation AUC: 0.9844
Epoch: 590, Loss: 0.4007, Val AUC: 0.9843, Test AUC: 0.9843

Epoch 596: New best validation AUC: 0.9844

Epoch 598: New best validation AUC: 0.9844

Epoch 599: New best validation AUC: 0.9844

Epoch 600: New best validation AUC: 0.9845
Epoch: 600, Loss: 0.4001, Val AUC: 0.9845, Test AUC: 0.9845

Epoch 603: New best validation AUC: 0.9845

Epoch 605: New best validation AUC: 0.9845

Epoch 607: New best validation AUC: 0.9845

Epoch 610: New best validation AUC: 0.9845
Epoch: 610, Loss: 0.4006, Val AUC: 0.9845, Test AUC: 0.9845

Epoch 612: New best validation AUC: 0.9846

Epoch 620: New best validation AUC: 0.9846
Epoch: 620, Loss: 0.4004, Val AUC: 0.9846, Test AUC: 0.9847

Epoch 622: New best validation AUC: 0.9847

Epoch 625: New best validation AUC: 0.9847

Epoch 627: New best validation AUC: 0.9847

Epoch 629: New best validation AUC: 0.9847
Epoch: 630, Loss: 0.3992, Val AUC: 0.9847, Test AUC: 0.9846

Epoch 632: New best validation AUC: 0.9847

Epoch 636: New best validation AUC: 0.9848
Epoch: 640, Loss: 0.3987, Val AUC: 0.9848, Test AUC: 0.9848

Epoch 641: New best validation AUC: 0.9848

Epoch 643: New best validation AUC: 0.9849
Epoch: 650, Loss: 0.3989, Val AUC: 0.9848, Test AUC: 0.9848

Epoch 651: New best validation AUC: 0.9849

Epoch 653: New best validation AUC: 0.9849

Epoch 655: New best validation AUC: 0.9849
Epoch: 660, Loss: 0.3987, Val AUC: 0.9849, Test AUC: 0.9849

Epoch 662: New best validation AUC: 0.9850

Epoch 664: New best validation AUC: 0.9850
Epoch: 670, Loss: 0.3987, Val AUC: 0.9850, Test AUC: 0.9849

Epoch 675: New best validation AUC: 0.9851

Epoch 677: New best validation AUC: 0.9851
Epoch: 680, Loss: 0.3982, Val AUC: 0.9851, Test AUC: 0.9850

Epoch 682: New best validation AUC: 0.9851
Epoch: 690, Loss: 0.3981, Val AUC: 0.9850, Test AUC: 0.9850

Epoch 693: New best validation AUC: 0.9852

Epoch 694: New best validation AUC: 0.9852

Epoch 696: New best validation AUC: 0.9853
Epoch: 700, Loss: 0.3981, Val AUC: 0.9852, Test AUC: 0.9852

Epoch 707: New best validation AUC: 0.9853

Epoch 709: New best validation AUC: 0.9855
Epoch: 710, Loss: 0.3994, Val AUC: 0.9851, Test AUC: 0.9850
Epoch: 720, Loss: 0.3983, Val AUC: 0.9852, Test AUC: 0.9852

Epoch 726: New best validation AUC: 0.9855
Epoch: 730, Loss: 0.3966, Val AUC: 0.9854, Test AUC: 0.9854

Epoch 731: New best validation AUC: 0.9855

Epoch 733: New best validation AUC: 0.9856
Epoch: 740, Loss: 0.3973, Val AUC: 0.9855, Test AUC: 0.9854

Epoch 741: New best validation AUC: 0.9856

Epoch 743: New best validation AUC: 0.9856

Epoch 744: New best validation AUC: 0.9856

Epoch 745: New best validation AUC: 0.9856

Epoch 748: New best validation AUC: 0.9857

Epoch 750: New best validation AUC: 0.9857
Epoch: 750, Loss: 0.3968, Val AUC: 0.9857, Test AUC: 0.9856

Epoch 752: New best validation AUC: 0.9857

Epoch 755: New best validation AUC: 0.9857

Epoch 757: New best validation AUC: 0.9857

Epoch 759: New best validation AUC: 0.9858
Epoch: 760, Loss: 0.3969, Val AUC: 0.9856, Test AUC: 0.9856

Epoch 765: New best validation AUC: 0.9858

Epoch 769: New best validation AUC: 0.9859
Epoch: 770, Loss: 0.3960, Val AUC: 0.9858, Test AUC: 0.9858

Epoch 772: New best validation AUC: 0.9859

Epoch 778: New best validation AUC: 0.9859
Epoch: 780, Loss: 0.3975, Val AUC: 0.9859, Test AUC: 0.9859

Epoch 790: New best validation AUC: 0.9859
Epoch: 790, Loss: 0.3957, Val AUC: 0.9859, Test AUC: 0.9860

Epoch 791: New best validation AUC: 0.9859

Epoch 794: New best validation AUC: 0.9860
Epoch: 800, Loss: 0.3961, Val AUC: 0.9859, Test AUC: 0.9859

Epoch 803: New best validation AUC: 0.9860

Epoch 809: New best validation AUC: 0.9860
Epoch: 810, Loss: 0.3958, Val AUC: 0.9860, Test AUC: 0.9860

Epoch 811: New best validation AUC: 0.9860

Epoch 812: New best validation AUC: 0.9860

Epoch 813: New best validation AUC: 0.9860

Epoch 816: New best validation AUC: 0.9860

Epoch 820: New best validation AUC: 0.9861
Epoch: 820, Loss: 0.3962, Val AUC: 0.9861, Test AUC: 0.9861

Epoch 822: New best validation AUC: 0.9862

Epoch 828: New best validation AUC: 0.9862
Epoch: 830, Loss: 0.3949, Val AUC: 0.9861, Test AUC: 0.9862

Epoch 834: New best validation AUC: 0.9862

Epoch 836: New best validation AUC: 0.9862
Epoch: 840, Loss: 0.3951, Val AUC: 0.9862, Test AUC: 0.9863

Epoch 842: New best validation AUC: 0.9863

Epoch 844: New best validation AUC: 0.9863

Epoch 850: New best validation AUC: 0.9863
Epoch: 850, Loss: 0.3950, Val AUC: 0.9863, Test AUC: 0.9864

Epoch 855: New best validation AUC: 0.9863

Epoch 857: New best validation AUC: 0.9863

Epoch 859: New best validation AUC: 0.9864
Epoch: 860, Loss: 0.3950, Val AUC: 0.9861, Test AUC: 0.9861
Epoch: 870, Loss: 0.3943, Val AUC: 0.9863, Test AUC: 0.9864

Epoch 874: New best validation AUC: 0.9864

Epoch 876: New best validation AUC: 0.9864

Epoch 880: New best validation AUC: 0.9864
Epoch: 880, Loss: 0.3947, Val AUC: 0.9864, Test AUC: 0.9866
Epoch: 890, Loss: 0.3932, Val AUC: 0.9864, Test AUC: 0.9865

Epoch 899: New best validation AUC: 0.9865
Epoch: 900, Loss: 0.3936, Val AUC: 0.9863, Test AUC: 0.9864

Epoch 901: New best validation AUC: 0.9865

Epoch 903: New best validation AUC: 0.9865

Epoch 905: New best validation AUC: 0.9865

Epoch 907: New best validation AUC: 0.9866
Epoch: 910, Loss: 0.3938, Val AUC: 0.9863, Test AUC: 0.9864

Epoch 911: New best validation AUC: 0.9866

Epoch 913: New best validation AUC: 0.9866
Epoch: 920, Loss: 0.3935, Val AUC: 0.9866, Test AUC: 0.9867
Epoch: 930, Loss: 0.3933, Val AUC: 0.9865, Test AUC: 0.9867

Epoch 933: New best validation AUC: 0.9867

Epoch 939: New best validation AUC: 0.9867
Epoch: 940, Loss: 0.3927, Val AUC: 0.9866, Test AUC: 0.9867

Epoch 950: New best validation AUC: 0.9868
Epoch: 950, Loss: 0.3937, Val AUC: 0.9868, Test AUC: 0.9870

Epoch 952: New best validation AUC: 0.9869
Epoch: 960, Loss: 0.3927, Val AUC: 0.9867, Test AUC: 0.9868

Epoch 961: New best validation AUC: 0.9869
Epoch: 970, Loss: 0.3924, Val AUC: 0.9868, Test AUC: 0.9870

Epoch 974: New best validation AUC: 0.9869
Epoch: 980, Loss: 0.3921, Val AUC: 0.9867, Test AUC: 0.9869

Epoch 988: New best validation AUC: 0.9870

Epoch 990: New best validation AUC: 0.9870
Epoch: 990, Loss: 0.3929, Val AUC: 0.9870, Test AUC: 0.9873

Epoch 997: New best validation AUC: 0.9871
Epoch: 1000, Loss: 0.3925, Val AUC: 0.9868, Test AUC: 0.9869
--------------------
Training finished.
Best Validation AUC: 0.9871
Final Test AUC (corresponding to best validation): 0.9873
TensorBoard writer closed. Logs saved in runs/Apr28_02-31-13_udc-aj36-36

Final Test Scores (first 10): tensor([0.9851, 0.9982, 0.8178, 1.0000, 0.9984, 0.9996, 0.9988, 0.9907, 0.9805,
        0.9989], device='cuda:0')
Corresponding True Labels (first 10): tensor([1., 1., 1., 1., 1., 1., 1., 1., 1., 1.], device='cuda:0')
