Using device: cuda
TensorBoard logs will be saved in: runs/Apr28_02-31-32_udc-aj36-36
Loading preprocessed data from specified path: dataset/processed_graph_data_no_llm.pt

--- Data Splits ---
Train Data: Data(x=[22750, 668], edge_index=[2, 1144308], edge_label=[572154], edge_label_index=[2, 572154])
Validation Data: Data(x=[22750, 668], edge_index=[2, 1144308], edge_label=[67312], edge_label_index=[2, 67312])
Test Data: Data(x=[22750, 668], edge_index=[2, 1211620], edge_label=[134624], edge_label_index=[2, 134624])
--------------------

--- Starting Training ---

Epoch 001: New best validation AUC: 0.7920
Epoch: 001, Loss: 0.6811, Val AUC: 0.7920, Test AUC: 0.7922

Epoch 003: New best validation AUC: 0.8103

Epoch 009: New best validation AUC: 0.8125

Epoch 010: New best validation AUC: 0.8182
Epoch: 010, Loss: 0.6768, Val AUC: 0.8182, Test AUC: 0.8183

Epoch 011: New best validation AUC: 0.8198

Epoch 017: New best validation AUC: 0.8214

Epoch 018: New best validation AUC: 0.8264

Epoch 019: New best validation AUC: 0.8297

Epoch 020: New best validation AUC: 0.8309
Epoch: 020, Loss: 0.6373, Val AUC: 0.8309, Test AUC: 0.8311

Epoch 022: New best validation AUC: 0.8314

Epoch 023: New best validation AUC: 0.8350

Epoch 024: New best validation AUC: 0.8429

Epoch 025: New best validation AUC: 0.8468

Epoch 027: New best validation AUC: 0.8508

Epoch 028: New best validation AUC: 0.8606

Epoch 029: New best validation AUC: 0.8640

Epoch 030: New best validation AUC: 0.8681
Epoch: 030, Loss: 0.5682, Val AUC: 0.8681, Test AUC: 0.8669

Epoch 031: New best validation AUC: 0.8806

Epoch 032: New best validation AUC: 0.8896

Epoch 033: New best validation AUC: 0.8969

Epoch 034: New best validation AUC: 0.9076

Epoch 035: New best validation AUC: 0.9115

Epoch 036: New best validation AUC: 0.9163

Epoch 037: New best validation AUC: 0.9175

Epoch 039: New best validation AUC: 0.9206

Epoch 040: New best validation AUC: 0.9215
Epoch: 040, Loss: 0.5093, Val AUC: 0.9215, Test AUC: 0.9200

Epoch 042: New best validation AUC: 0.9225

Epoch 043: New best validation AUC: 0.9232

Epoch 044: New best validation AUC: 0.9236

Epoch 045: New best validation AUC: 0.9242

Epoch 046: New best validation AUC: 0.9247

Epoch 047: New best validation AUC: 0.9252

Epoch 048: New best validation AUC: 0.9263

Epoch 049: New best validation AUC: 0.9272

Epoch 050: New best validation AUC: 0.9282
Epoch: 050, Loss: 0.4880, Val AUC: 0.9282, Test AUC: 0.9272

Epoch 051: New best validation AUC: 0.9290

Epoch 052: New best validation AUC: 0.9294

Epoch 053: New best validation AUC: 0.9299

Epoch 054: New best validation AUC: 0.9310

Epoch 055: New best validation AUC: 0.9312

Epoch 058: New best validation AUC: 0.9313

Epoch 059: New best validation AUC: 0.9318

Epoch 060: New best validation AUC: 0.9324
Epoch: 060, Loss: 0.4814, Val AUC: 0.9324, Test AUC: 0.9310

Epoch 061: New best validation AUC: 0.9334

Epoch 062: New best validation AUC: 0.9336

Epoch 064: New best validation AUC: 0.9342

Epoch 065: New best validation AUC: 0.9345

Epoch 066: New best validation AUC: 0.9347

Epoch 067: New best validation AUC: 0.9352

Epoch 068: New best validation AUC: 0.9352

Epoch 069: New best validation AUC: 0.9353

Epoch 070: New best validation AUC: 0.9361
Epoch: 070, Loss: 0.4795, Val AUC: 0.9361, Test AUC: 0.9352

Epoch 071: New best validation AUC: 0.9363

Epoch 073: New best validation AUC: 0.9365

Epoch 074: New best validation AUC: 0.9370

Epoch 075: New best validation AUC: 0.9372

Epoch 077: New best validation AUC: 0.9375

Epoch 078: New best validation AUC: 0.9379

Epoch 079: New best validation AUC: 0.9379

Epoch 080: New best validation AUC: 0.9381
Epoch: 080, Loss: 0.4761, Val AUC: 0.9381, Test AUC: 0.9373

Epoch 081: New best validation AUC: 0.9387

Epoch 082: New best validation AUC: 0.9387

Epoch 083: New best validation AUC: 0.9388

Epoch 084: New best validation AUC: 0.9394

Epoch 086: New best validation AUC: 0.9397

Epoch 087: New best validation AUC: 0.9401

Epoch 088: New best validation AUC: 0.9401

Epoch 089: New best validation AUC: 0.9405

Epoch 090: New best validation AUC: 0.9408
Epoch: 090, Loss: 0.4740, Val AUC: 0.9408, Test AUC: 0.9403

Epoch 092: New best validation AUC: 0.9413

Epoch 093: New best validation AUC: 0.9415

Epoch 094: New best validation AUC: 0.9416

Epoch 095: New best validation AUC: 0.9420

Epoch 097: New best validation AUC: 0.9426

Epoch 098: New best validation AUC: 0.9426

Epoch 099: New best validation AUC: 0.9431

Epoch 100: New best validation AUC: 0.9434
Epoch: 100, Loss: 0.4712, Val AUC: 0.9434, Test AUC: 0.9430

Epoch 101: New best validation AUC: 0.9434

Epoch 102: New best validation AUC: 0.9440

Epoch 104: New best validation AUC: 0.9447

Epoch 105: New best validation AUC: 0.9450

Epoch 106: New best validation AUC: 0.9454

Epoch 107: New best validation AUC: 0.9458

Epoch 108: New best validation AUC: 0.9458

Epoch 109: New best validation AUC: 0.9464
Epoch: 110, Loss: 0.4684, Val AUC: 0.9463, Test AUC: 0.9460

Epoch 111: New best validation AUC: 0.9472

Epoch 112: New best validation AUC: 0.9477

Epoch 113: New best validation AUC: 0.9487

Epoch 114: New best validation AUC: 0.9490

Epoch 115: New best validation AUC: 0.9495

Epoch 116: New best validation AUC: 0.9502

Epoch 117: New best validation AUC: 0.9503

Epoch 118: New best validation AUC: 0.9512

Epoch 119: New best validation AUC: 0.9515

Epoch 120: New best validation AUC: 0.9523
Epoch: 120, Loss: 0.4612, Val AUC: 0.9523, Test AUC: 0.9521

Epoch 122: New best validation AUC: 0.9528

Epoch 124: New best validation AUC: 0.9529

Epoch 126: New best validation AUC: 0.9530

Epoch 127: New best validation AUC: 0.9543

Epoch 129: New best validation AUC: 0.9554

Epoch 130: New best validation AUC: 0.9556
Epoch: 130, Loss: 0.4598, Val AUC: 0.9556, Test AUC: 0.9554

Epoch 131: New best validation AUC: 0.9557

Epoch 132: New best validation AUC: 0.9572

Epoch 133: New best validation AUC: 0.9573

Epoch 134: New best validation AUC: 0.9576

Epoch 135: New best validation AUC: 0.9589

Epoch 137: New best validation AUC: 0.9589

Epoch 138: New best validation AUC: 0.9595

Epoch 139: New best validation AUC: 0.9601

Epoch 140: New best validation AUC: 0.9604
Epoch: 140, Loss: 0.4515, Val AUC: 0.9604, Test AUC: 0.9604

Epoch 142: New best validation AUC: 0.9615

Epoch 143: New best validation AUC: 0.9618

Epoch 145: New best validation AUC: 0.9627

Epoch 146: New best validation AUC: 0.9629

Epoch 147: New best validation AUC: 0.9630

Epoch 148: New best validation AUC: 0.9639

Epoch 149: New best validation AUC: 0.9642

Epoch 150: New best validation AUC: 0.9643
Epoch: 150, Loss: 0.4465, Val AUC: 0.9643, Test AUC: 0.9645

Epoch 151: New best validation AUC: 0.9649

Epoch 152: New best validation AUC: 0.9651

Epoch 153: New best validation AUC: 0.9654

Epoch 154: New best validation AUC: 0.9660

Epoch 155: New best validation AUC: 0.9662

Epoch 156: New best validation AUC: 0.9663

Epoch 157: New best validation AUC: 0.9667
Epoch: 160, Loss: 0.4453, Val AUC: 0.9659, Test AUC: 0.9664

Epoch 161: New best validation AUC: 0.9670

Epoch 162: New best validation AUC: 0.9677

Epoch 165: New best validation AUC: 0.9682

Epoch 168: New best validation AUC: 0.9687

Epoch 170: New best validation AUC: 0.9688
Epoch: 170, Loss: 0.4380, Val AUC: 0.9688, Test AUC: 0.9690

Epoch 171: New best validation AUC: 0.9690

Epoch 172: New best validation AUC: 0.9692

Epoch 173: New best validation AUC: 0.9692

Epoch 174: New best validation AUC: 0.9694

Epoch 175: New best validation AUC: 0.9696

Epoch 176: New best validation AUC: 0.9698

Epoch 177: New best validation AUC: 0.9699

Epoch 178: New best validation AUC: 0.9701

Epoch 179: New best validation AUC: 0.9702

Epoch 180: New best validation AUC: 0.9703
Epoch: 180, Loss: 0.4344, Val AUC: 0.9703, Test AUC: 0.9705

Epoch 181: New best validation AUC: 0.9705

Epoch 183: New best validation AUC: 0.9707

Epoch 184: New best validation AUC: 0.9709

Epoch 186: New best validation AUC: 0.9713

Epoch 187: New best validation AUC: 0.9714

Epoch 189: New best validation AUC: 0.9715

Epoch 190: New best validation AUC: 0.9716
Epoch: 190, Loss: 0.4307, Val AUC: 0.9716, Test AUC: 0.9720

Epoch 191: New best validation AUC: 0.9717

Epoch 192: New best validation AUC: 0.9719

Epoch 194: New best validation AUC: 0.9719

Epoch 197: New best validation AUC: 0.9723

Epoch 198: New best validation AUC: 0.9723

Epoch 200: New best validation AUC: 0.9724
Epoch: 200, Loss: 0.4292, Val AUC: 0.9724, Test AUC: 0.9728

Epoch 201: New best validation AUC: 0.9726

Epoch 203: New best validation AUC: 0.9727

Epoch 204: New best validation AUC: 0.9728

Epoch 205: New best validation AUC: 0.9730

Epoch 206: New best validation AUC: 0.9730

Epoch 209: New best validation AUC: 0.9733
Epoch: 210, Loss: 0.4256, Val AUC: 0.9733, Test AUC: 0.9739

Epoch 211: New best validation AUC: 0.9734

Epoch 212: New best validation AUC: 0.9734

Epoch 213: New best validation AUC: 0.9735

Epoch 214: New best validation AUC: 0.9737

Epoch 215: New best validation AUC: 0.9737

Epoch 217: New best validation AUC: 0.9739

Epoch 219: New best validation AUC: 0.9739

Epoch 220: New best validation AUC: 0.9740
Epoch: 220, Loss: 0.4231, Val AUC: 0.9740, Test AUC: 0.9747

Epoch 222: New best validation AUC: 0.9742

Epoch 224: New best validation AUC: 0.9742

Epoch 225: New best validation AUC: 0.9743

Epoch 226: New best validation AUC: 0.9743

Epoch 227: New best validation AUC: 0.9744

Epoch 228: New best validation AUC: 0.9745
Epoch: 230, Loss: 0.4237, Val AUC: 0.9739, Test AUC: 0.9746

Epoch 234: New best validation AUC: 0.9746

Epoch 236: New best validation AUC: 0.9746

Epoch 237: New best validation AUC: 0.9748

Epoch 239: New best validation AUC: 0.9748

Epoch 240: New best validation AUC: 0.9750
Epoch: 240, Loss: 0.4209, Val AUC: 0.9750, Test AUC: 0.9758

Epoch 243: New best validation AUC: 0.9752

Epoch 246: New best validation AUC: 0.9753

Epoch 247: New best validation AUC: 0.9753
Epoch: 250, Loss: 0.4212, Val AUC: 0.9753, Test AUC: 0.9760

Epoch 251: New best validation AUC: 0.9754

Epoch 252: New best validation AUC: 0.9756

Epoch 255: New best validation AUC: 0.9758

Epoch 258: New best validation AUC: 0.9759
Epoch: 260, Loss: 0.4173, Val AUC: 0.9758, Test AUC: 0.9766

Epoch 261: New best validation AUC: 0.9759

Epoch 262: New best validation AUC: 0.9760

Epoch 265: New best validation AUC: 0.9761

Epoch 266: New best validation AUC: 0.9762

Epoch 269: New best validation AUC: 0.9763

Epoch 270: New best validation AUC: 0.9763
Epoch: 270, Loss: 0.4167, Val AUC: 0.9763, Test AUC: 0.9771

Epoch 271: New best validation AUC: 0.9764

Epoch 272: New best validation AUC: 0.9765

Epoch 275: New best validation AUC: 0.9766

Epoch 279: New best validation AUC: 0.9768
Epoch: 280, Loss: 0.4170, Val AUC: 0.9767, Test AUC: 0.9775

Epoch 281: New best validation AUC: 0.9769

Epoch 282: New best validation AUC: 0.9770

Epoch 283: New best validation AUC: 0.9770

Epoch 284: New best validation AUC: 0.9770

Epoch 286: New best validation AUC: 0.9771

Epoch 287: New best validation AUC: 0.9771

Epoch 288: New best validation AUC: 0.9772

Epoch 289: New best validation AUC: 0.9773
Epoch: 290, Loss: 0.4142, Val AUC: 0.9772, Test AUC: 0.9781

Epoch 291: New best validation AUC: 0.9773

Epoch 292: New best validation AUC: 0.9774

Epoch 295: New best validation AUC: 0.9774

Epoch 297: New best validation AUC: 0.9775

Epoch 298: New best validation AUC: 0.9776

Epoch 299: New best validation AUC: 0.9777

Epoch 300: New best validation AUC: 0.9778
Epoch: 300, Loss: 0.4143, Val AUC: 0.9778, Test AUC: 0.9785

Epoch 301: New best validation AUC: 0.9778

Epoch 303: New best validation AUC: 0.9779

Epoch 304: New best validation AUC: 0.9779

Epoch 305: New best validation AUC: 0.9780

Epoch 307: New best validation AUC: 0.9780

Epoch 308: New best validation AUC: 0.9781

Epoch 310: New best validation AUC: 0.9782
Epoch: 310, Loss: 0.4126, Val AUC: 0.9782, Test AUC: 0.9790

Epoch 312: New best validation AUC: 0.9782

Epoch 314: New best validation AUC: 0.9783

Epoch 316: New best validation AUC: 0.9784

Epoch 318: New best validation AUC: 0.9785
Epoch: 320, Loss: 0.4127, Val AUC: 0.9784, Test AUC: 0.9793

Epoch 322: New best validation AUC: 0.9785

Epoch 324: New best validation AUC: 0.9786

Epoch 325: New best validation AUC: 0.9786

Epoch 327: New best validation AUC: 0.9787

Epoch 330: New best validation AUC: 0.9788
Epoch: 330, Loss: 0.4115, Val AUC: 0.9788, Test AUC: 0.9796

Epoch 332: New best validation AUC: 0.9789

Epoch 335: New best validation AUC: 0.9790

Epoch 340: New best validation AUC: 0.9790
Epoch: 340, Loss: 0.4104, Val AUC: 0.9790, Test AUC: 0.9799

Epoch 342: New best validation AUC: 0.9791

Epoch 343: New best validation AUC: 0.9791

Epoch 344: New best validation AUC: 0.9792

Epoch 345: New best validation AUC: 0.9792

Epoch 346: New best validation AUC: 0.9792

Epoch 347: New best validation AUC: 0.9793

Epoch 348: New best validation AUC: 0.9793

Epoch 349: New best validation AUC: 0.9793

Epoch 350: New best validation AUC: 0.9793
Epoch: 350, Loss: 0.4099, Val AUC: 0.9793, Test AUC: 0.9802

Epoch 351: New best validation AUC: 0.9794

Epoch 352: New best validation AUC: 0.9795

Epoch 353: New best validation AUC: 0.9795

Epoch 355: New best validation AUC: 0.9796

Epoch 359: New best validation AUC: 0.9796
Epoch: 360, Loss: 0.4108, Val AUC: 0.9794, Test AUC: 0.9803

Epoch 361: New best validation AUC: 0.9798

Epoch 363: New best validation AUC: 0.9798

Epoch 364: New best validation AUC: 0.9798

Epoch 366: New best validation AUC: 0.9798

Epoch 368: New best validation AUC: 0.9799

Epoch 369: New best validation AUC: 0.9799
Epoch: 370, Loss: 0.4078, Val AUC: 0.9799, Test AUC: 0.9808

Epoch 371: New best validation AUC: 0.9800

Epoch 373: New best validation AUC: 0.9801

Epoch 375: New best validation AUC: 0.9801

Epoch 376: New best validation AUC: 0.9801

Epoch 378: New best validation AUC: 0.9802

Epoch 379: New best validation AUC: 0.9802

Epoch 380: New best validation AUC: 0.9802
Epoch: 380, Loss: 0.4076, Val AUC: 0.9802, Test AUC: 0.9812

Epoch 381: New best validation AUC: 0.9803

Epoch 383: New best validation AUC: 0.9804

Epoch 385: New best validation AUC: 0.9805

Epoch 387: New best validation AUC: 0.9806
Epoch: 390, Loss: 0.4099, Val AUC: 0.9800, Test AUC: 0.9810

Epoch 391: New best validation AUC: 0.9807

Epoch 394: New best validation AUC: 0.9808

Epoch 397: New best validation AUC: 0.9809

Epoch 399: New best validation AUC: 0.9809
Epoch: 400, Loss: 0.4065, Val AUC: 0.9809, Test AUC: 0.9820

Epoch 402: New best validation AUC: 0.9810

Epoch 405: New best validation AUC: 0.9811

Epoch 407: New best validation AUC: 0.9811

Epoch 408: New best validation AUC: 0.9812

Epoch 410: New best validation AUC: 0.9813
Epoch: 410, Loss: 0.4055, Val AUC: 0.9813, Test AUC: 0.9823

Epoch 413: New best validation AUC: 0.9813

Epoch 416: New best validation AUC: 0.9814

Epoch 418: New best validation AUC: 0.9815

Epoch 420: New best validation AUC: 0.9815
Epoch: 420, Loss: 0.4068, Val AUC: 0.9815, Test AUC: 0.9826

Epoch 422: New best validation AUC: 0.9816

Epoch 424: New best validation AUC: 0.9816

Epoch 425: New best validation AUC: 0.9817

Epoch 426: New best validation AUC: 0.9817

Epoch 427: New best validation AUC: 0.9818

Epoch 429: New best validation AUC: 0.9818

Epoch 430: New best validation AUC: 0.9818
Epoch: 430, Loss: 0.4050, Val AUC: 0.9818, Test AUC: 0.9829

Epoch 431: New best validation AUC: 0.9819

Epoch 433: New best validation AUC: 0.9819

Epoch 434: New best validation AUC: 0.9820

Epoch 438: New best validation AUC: 0.9820

Epoch 440: New best validation AUC: 0.9821
Epoch: 440, Loss: 0.4042, Val AUC: 0.9821, Test AUC: 0.9832

Epoch 443: New best validation AUC: 0.9821

Epoch 444: New best validation AUC: 0.9822

Epoch 446: New best validation AUC: 0.9823
Epoch: 450, Loss: 0.4041, Val AUC: 0.9821, Test AUC: 0.9833

Epoch 451: New best validation AUC: 0.9823

Epoch 453: New best validation AUC: 0.9823

Epoch 454: New best validation AUC: 0.9824

Epoch 456: New best validation AUC: 0.9824

Epoch 458: New best validation AUC: 0.9824

Epoch 459: New best validation AUC: 0.9825
Epoch: 460, Loss: 0.4026, Val AUC: 0.9824, Test AUC: 0.9836

Epoch 462: New best validation AUC: 0.9825

Epoch 463: New best validation AUC: 0.9825

Epoch 464: New best validation AUC: 0.9825

Epoch 466: New best validation AUC: 0.9826

Epoch 468: New best validation AUC: 0.9826
Epoch: 470, Loss: 0.4036, Val AUC: 0.9826, Test AUC: 0.9838

Epoch 477: New best validation AUC: 0.9827

Epoch 479: New best validation AUC: 0.9827

Epoch 480: New best validation AUC: 0.9828
Epoch: 480, Loss: 0.4026, Val AUC: 0.9828, Test AUC: 0.9840

Epoch 482: New best validation AUC: 0.9828

Epoch 483: New best validation AUC: 0.9829

Epoch 486: New best validation AUC: 0.9829

Epoch 489: New best validation AUC: 0.9829
Epoch: 490, Loss: 0.4031, Val AUC: 0.9828, Test AUC: 0.9840

Epoch 492: New best validation AUC: 0.9830

Epoch 495: New best validation AUC: 0.9830

Epoch 498: New best validation AUC: 0.9831
Epoch: 500, Loss: 0.4015, Val AUC: 0.9830, Test AUC: 0.9842

Epoch 501: New best validation AUC: 0.9832

Epoch 509: New best validation AUC: 0.9832

Epoch 510: New best validation AUC: 0.9833
Epoch: 510, Loss: 0.4002, Val AUC: 0.9833, Test AUC: 0.9845

Epoch 512: New best validation AUC: 0.9833

Epoch 515: New best validation AUC: 0.9833

Epoch 518: New best validation AUC: 0.9834

Epoch 519: New best validation AUC: 0.9834
Epoch: 520, Loss: 0.4003, Val AUC: 0.9834, Test AUC: 0.9847

Epoch 521: New best validation AUC: 0.9835
Epoch: 530, Loss: 0.4034, Val AUC: 0.9833, Test AUC: 0.9847

Epoch 533: New best validation AUC: 0.9835

Epoch 536: New best validation AUC: 0.9836
Epoch: 540, Loss: 0.4015, Val AUC: 0.9835, Test AUC: 0.9847

Epoch 544: New best validation AUC: 0.9836

Epoch 545: New best validation AUC: 0.9836

Epoch 547: New best validation AUC: 0.9837

Epoch 549: New best validation AUC: 0.9837
Epoch: 550, Loss: 0.4001, Val AUC: 0.9837, Test AUC: 0.9849

Epoch 552: New best validation AUC: 0.9838

Epoch 555: New best validation AUC: 0.9838

Epoch 559: New best validation AUC: 0.9839
Epoch: 560, Loss: 0.3996, Val AUC: 0.9838, Test AUC: 0.9851

Epoch 562: New best validation AUC: 0.9839

Epoch 563: New best validation AUC: 0.9839

Epoch 565: New best validation AUC: 0.9839

Epoch 566: New best validation AUC: 0.9840
Epoch: 570, Loss: 0.3997, Val AUC: 0.9839, Test AUC: 0.9852

Epoch 577: New best validation AUC: 0.9841

Epoch 579: New best validation AUC: 0.9841
Epoch: 580, Loss: 0.3990, Val AUC: 0.9841, Test AUC: 0.9854

Epoch 582: New best validation AUC: 0.9841

Epoch 587: New best validation AUC: 0.9842
Epoch: 590, Loss: 0.3991, Val AUC: 0.9841, Test AUC: 0.9855

Epoch 598: New best validation AUC: 0.9842
Epoch: 600, Loss: 0.3983, Val AUC: 0.9842, Test AUC: 0.9855

Epoch 601: New best validation AUC: 0.9843

Epoch 603: New best validation AUC: 0.9843

Epoch 608: New best validation AUC: 0.9844
Epoch: 610, Loss: 0.3983, Val AUC: 0.9843, Test AUC: 0.9857

Epoch 611: New best validation AUC: 0.9844

Epoch 613: New best validation AUC: 0.9844

Epoch 615: New best validation AUC: 0.9845

Epoch 617: New best validation AUC: 0.9845
Epoch: 620, Loss: 0.4011, Val AUC: 0.9844, Test AUC: 0.9858

Epoch 622: New best validation AUC: 0.9845

Epoch 627: New best validation AUC: 0.9846

Epoch 630: New best validation AUC: 0.9847
Epoch: 630, Loss: 0.3983, Val AUC: 0.9847, Test AUC: 0.9860

Epoch 640: New best validation AUC: 0.9847
Epoch: 640, Loss: 0.3975, Val AUC: 0.9847, Test AUC: 0.9861

Epoch 648: New best validation AUC: 0.9847
Epoch: 650, Loss: 0.3967, Val AUC: 0.9846, Test AUC: 0.9860

Epoch 651: New best validation AUC: 0.9848

Epoch 658: New best validation AUC: 0.9849
Epoch: 660, Loss: 0.3961, Val AUC: 0.9848, Test AUC: 0.9862

Epoch 663: New best validation AUC: 0.9849

Epoch 665: New best validation AUC: 0.9849

Epoch 670: New best validation AUC: 0.9849
Epoch: 670, Loss: 0.3965, Val AUC: 0.9849, Test AUC: 0.9863

Epoch 672: New best validation AUC: 0.9850
Epoch: 680, Loss: 0.3961, Val AUC: 0.9848, Test AUC: 0.9861

Epoch 681: New best validation AUC: 0.9850

Epoch 690: New best validation AUC: 0.9851
Epoch: 690, Loss: 0.3966, Val AUC: 0.9851, Test AUC: 0.9864

Epoch 692: New best validation AUC: 0.9851

Epoch 694: New best validation AUC: 0.9852

Epoch 696: New best validation AUC: 0.9852
Epoch: 700, Loss: 0.3961, Val AUC: 0.9850, Test AUC: 0.9864

Epoch 708: New best validation AUC: 0.9853
Epoch: 710, Loss: 0.3962, Val AUC: 0.9852, Test AUC: 0.9865

Epoch 717: New best validation AUC: 0.9854
Epoch: 720, Loss: 0.3961, Val AUC: 0.9853, Test AUC: 0.9866
Epoch: 730, Loss: 0.3959, Val AUC: 0.9852, Test AUC: 0.9865

Epoch 731: New best validation AUC: 0.9854

Epoch 734: New best validation AUC: 0.9854

Epoch 736: New best validation AUC: 0.9854

Epoch 738: New best validation AUC: 0.9855
Epoch: 740, Loss: 0.3954, Val AUC: 0.9854, Test AUC: 0.9867

Epoch 744: New best validation AUC: 0.9855

Epoch 748: New best validation AUC: 0.9856
Epoch: 750, Loss: 0.3954, Val AUC: 0.9855, Test AUC: 0.9867

Epoch 751: New best validation AUC: 0.9856

Epoch 753: New best validation AUC: 0.9856

Epoch 755: New best validation AUC: 0.9857

Epoch 757: New best validation AUC: 0.9857
Epoch: 760, Loss: 0.3959, Val AUC: 0.9852, Test AUC: 0.9864

Epoch 766: New best validation AUC: 0.9858
Epoch: 770, Loss: 0.3949, Val AUC: 0.9855, Test AUC: 0.9868
Epoch: 780, Loss: 0.3944, Val AUC: 0.9856, Test AUC: 0.9869

Epoch 784: New best validation AUC: 0.9858

Epoch 787: New best validation AUC: 0.9858

Epoch 789: New best validation AUC: 0.9859
Epoch: 790, Loss: 0.3944, Val AUC: 0.9856, Test AUC: 0.9868

Epoch 791: New best validation AUC: 0.9859

Epoch 798: New best validation AUC: 0.9860
Epoch: 800, Loss: 0.3942, Val AUC: 0.9860, Test AUC: 0.9872

Epoch 808: New best validation AUC: 0.9860

Epoch 810: New best validation AUC: 0.9861
Epoch: 810, Loss: 0.3941, Val AUC: 0.9861, Test AUC: 0.9873

Epoch 816: New best validation AUC: 0.9861

Epoch 818: New best validation AUC: 0.9861
Epoch: 820, Loss: 0.3940, Val AUC: 0.9861, Test AUC: 0.9872

Epoch 823: New best validation AUC: 0.9862

Epoch 830: New best validation AUC: 0.9862
Epoch: 830, Loss: 0.3937, Val AUC: 0.9862, Test AUC: 0.9874

Epoch 832: New best validation AUC: 0.9863

Epoch 834: New best validation AUC: 0.9863
Epoch: 840, Loss: 0.3938, Val AUC: 0.9860, Test AUC: 0.9872

Epoch 841: New best validation AUC: 0.9863

Epoch 843: New best validation AUC: 0.9863

Epoch 850: New best validation AUC: 0.9864
Epoch: 850, Loss: 0.3939, Val AUC: 0.9864, Test AUC: 0.9876
Epoch: 860, Loss: 0.3960, Val AUC: 0.9864, Test AUC: 0.9876

Epoch 862: New best validation AUC: 0.9864

Epoch 865: New best validation AUC: 0.9864

Epoch 867: New best validation AUC: 0.9865
Epoch: 870, Loss: 0.3930, Val AUC: 0.9864, Test AUC: 0.9876
Epoch: 880, Loss: 0.3931, Val AUC: 0.9864, Test AUC: 0.9875

Epoch 889: New best validation AUC: 0.9865
Epoch: 890, Loss: 0.3924, Val AUC: 0.9864, Test AUC: 0.9876

Epoch 900: New best validation AUC: 0.9867
Epoch: 900, Loss: 0.3939, Val AUC: 0.9867, Test AUC: 0.9879
Epoch: 910, Loss: 0.3929, Val AUC: 0.9864, Test AUC: 0.9876
Epoch: 920, Loss: 0.3929, Val AUC: 0.9866, Test AUC: 0.9878

Epoch 923: New best validation AUC: 0.9867

Epoch 925: New best validation AUC: 0.9868

Epoch 927: New best validation AUC: 0.9868
Epoch: 930, Loss: 0.3926, Val AUC: 0.9865, Test AUC: 0.9876
Epoch: 940, Loss: 0.3931, Val AUC: 0.9867, Test AUC: 0.9877

Epoch 942: New best validation AUC: 0.9869
Epoch: 950, Loss: 0.3924, Val AUC: 0.9865, Test AUC: 0.9876
Epoch: 960, Loss: 0.3922, Val AUC: 0.9865, Test AUC: 0.9877
Epoch: 970, Loss: 0.3916, Val AUC: 0.9867, Test AUC: 0.9879

Epoch 979: New best validation AUC: 0.9869
Epoch: 980, Loss: 0.3913, Val AUC: 0.9868, Test AUC: 0.9879

Epoch 988: New best validation AUC: 0.9869
Epoch: 990, Loss: 0.3929, Val AUC: 0.9869, Test AUC: 0.9880

Epoch 995: New best validation AUC: 0.9870

Epoch 997: New best validation AUC: 0.9871
Epoch: 1000, Loss: 0.3925, Val AUC: 0.9869, Test AUC: 0.9880
--------------------
Training finished.
Best Validation AUC: 0.9871
Final Test AUC (corresponding to best validation): 0.9882
TensorBoard writer closed. Logs saved in runs/Apr28_02-31-32_udc-aj36-36

Final Test Scores (first 10): tensor([0.9954, 0.8149, 0.9436, 0.5158, 0.9990, 0.9617, 0.9880, 0.9808, 0.9162,
        0.9930], device='cuda:0')
Corresponding True Labels (first 10): tensor([1., 1., 1., 1., 1., 1., 1., 1., 1., 1.], device='cuda:0')
