Using device: cuda
TensorBoard logs will be saved in: runs/Apr28_03-05-50_udc-aj36-36
Loading preprocessed data from specified path: dataset/processed_graph_data_no_review.pt

--- Data Splits ---
Train Data: Data(x=[22750, 2204], edge_index=[2, 1144308], edge_label=[572154], edge_label_index=[2, 572154])
Validation Data: Data(x=[22750, 2204], edge_index=[2, 1144308], edge_label=[67312], edge_label_index=[2, 67312])
Test Data: Data(x=[22750, 2204], edge_index=[2, 1211620], edge_label=[134624], edge_label_index=[2, 134624])
--------------------

--- Starting Training ---

Epoch 001: New best validation AUC: 0.7869
Epoch: 001, Loss: 0.6931, Val AUC: 0.7869, Test AUC: 0.7851
Epoch: 010, Loss: 0.6901, Val AUC: 0.7776, Test AUC: 0.7752
Epoch: 020, Loss: 0.6645, Val AUC: 0.7790, Test AUC: 0.7770
Epoch: 030, Loss: 0.6539, Val AUC: 0.7776, Test AUC: 0.7761
Epoch: 040, Loss: 0.6423, Val AUC: 0.7694, Test AUC: 0.7687
Epoch: 050, Loss: 0.6363, Val AUC: 0.7667, Test AUC: 0.7662
Epoch: 060, Loss: 0.6315, Val AUC: 0.7673, Test AUC: 0.7667
Epoch: 070, Loss: 0.6256, Val AUC: 0.7693, Test AUC: 0.7687
Epoch: 080, Loss: 0.6209, Val AUC: 0.7716, Test AUC: 0.7708
Epoch: 090, Loss: 0.6168, Val AUC: 0.7712, Test AUC: 0.7703
Epoch: 100, Loss: 0.6143, Val AUC: 0.7700, Test AUC: 0.7690
Epoch: 110, Loss: 0.6115, Val AUC: 0.7726, Test AUC: 0.7714
Epoch: 120, Loss: 0.6093, Val AUC: 0.7723, Test AUC: 0.7712
Epoch: 130, Loss: 0.6082, Val AUC: 0.7714, Test AUC: 0.7703
Epoch: 140, Loss: 0.6078, Val AUC: 0.7750, Test AUC: 0.7740
Epoch: 150, Loss: 0.6059, Val AUC: 0.7744, Test AUC: 0.7735
Epoch: 160, Loss: 0.6045, Val AUC: 0.7733, Test AUC: 0.7726
Epoch: 170, Loss: 0.6038, Val AUC: 0.7742, Test AUC: 0.7736
Epoch: 180, Loss: 0.6027, Val AUC: 0.7759, Test AUC: 0.7756
Epoch: 190, Loss: 0.6019, Val AUC: 0.7785, Test AUC: 0.7782
Epoch: 200, Loss: 0.6011, Val AUC: 0.7814, Test AUC: 0.7811
Epoch: 210, Loss: 0.5993, Val AUC: 0.7820, Test AUC: 0.7819
Epoch: 220, Loss: 0.5986, Val AUC: 0.7839, Test AUC: 0.7839
Epoch: 230, Loss: 0.5971, Val AUC: 0.7839, Test AUC: 0.7842

Epoch 233: New best validation AUC: 0.7891

Epoch 235: New best validation AUC: 0.7914

Epoch 240: New best validation AUC: 0.7918
Epoch: 240, Loss: 0.5970, Val AUC: 0.7918, Test AUC: 0.7920
Epoch: 250, Loss: 0.5951, Val AUC: 0.7833, Test AUC: 0.7840

Epoch 257: New best validation AUC: 0.7923

Epoch 260: New best validation AUC: 0.7925
Epoch: 260, Loss: 0.5932, Val AUC: 0.7925, Test AUC: 0.7930

Epoch 265: New best validation AUC: 0.7932

Epoch 268: New best validation AUC: 0.7941
Epoch: 270, Loss: 0.5921, Val AUC: 0.7929, Test AUC: 0.7936

Epoch 273: New best validation AUC: 0.7945

Epoch 278: New best validation AUC: 0.7956

Epoch 280: New best validation AUC: 0.7963
Epoch: 280, Loss: 0.5900, Val AUC: 0.7963, Test AUC: 0.7971

Epoch 282: New best validation AUC: 0.7968

Epoch 284: New best validation AUC: 0.7975

Epoch 286: New best validation AUC: 0.7980

Epoch 288: New best validation AUC: 0.7987

Epoch 290: New best validation AUC: 0.8002
Epoch: 290, Loss: 0.5883, Val AUC: 0.8002, Test AUC: 0.8013

Epoch 292: New best validation AUC: 0.8028

Epoch 294: New best validation AUC: 0.8046

Epoch 299: New best validation AUC: 0.8054
Epoch: 300, Loss: 0.5875, Val AUC: 0.7962, Test AUC: 0.7977

Epoch 304: New best validation AUC: 0.8067

Epoch 309: New best validation AUC: 0.8080
Epoch: 310, Loss: 0.5851, Val AUC: 0.8011, Test AUC: 0.8027

Epoch 314: New best validation AUC: 0.8093

Epoch 316: New best validation AUC: 0.8100
Epoch: 320, Loss: 0.5825, Val AUC: 0.8053, Test AUC: 0.8071

Epoch 321: New best validation AUC: 0.8120

Epoch 323: New best validation AUC: 0.8121

Epoch 328: New best validation AUC: 0.8127

Epoch 330: New best validation AUC: 0.8145
Epoch: 330, Loss: 0.5803, Val AUC: 0.8145, Test AUC: 0.8161

Epoch 332: New best validation AUC: 0.8161

Epoch 334: New best validation AUC: 0.8171
Epoch: 340, Loss: 0.5784, Val AUC: 0.8120, Test AUC: 0.8140

Epoch 341: New best validation AUC: 0.8185

Epoch 343: New best validation AUC: 0.8200

Epoch 350: New best validation AUC: 0.8210
Epoch: 350, Loss: 0.5775, Val AUC: 0.8210, Test AUC: 0.8228

Epoch 357: New best validation AUC: 0.8217
Epoch: 360, Loss: 0.5752, Val AUC: 0.8171, Test AUC: 0.8192

Epoch 364: New best validation AUC: 0.8218

Epoch 366: New best validation AUC: 0.8235

Epoch 368: New best validation AUC: 0.8247
Epoch: 370, Loss: 0.5751, Val AUC: 0.8244, Test AUC: 0.8263

Epoch 375: New best validation AUC: 0.8252

Epoch 377: New best validation AUC: 0.8256
Epoch: 380, Loss: 0.5721, Val AUC: 0.8210, Test AUC: 0.8233

Epoch 388: New best validation AUC: 0.8260

Epoch 390: New best validation AUC: 0.8269
Epoch: 390, Loss: 0.5701, Val AUC: 0.8269, Test AUC: 0.8291

Epoch 392: New best validation AUC: 0.8279

Epoch 394: New best validation AUC: 0.8294

Epoch 396: New best validation AUC: 0.8316

Epoch 398: New best validation AUC: 0.8323
Epoch: 400, Loss: 0.5703, Val AUC: 0.8290, Test AUC: 0.8313

Epoch 403: New best validation AUC: 0.8324

Epoch 408: New best validation AUC: 0.8330
Epoch: 410, Loss: 0.5669, Val AUC: 0.8318, Test AUC: 0.8342

Epoch 413: New best validation AUC: 0.8340

Epoch 418: New best validation AUC: 0.8351
Epoch: 420, Loss: 0.5644, Val AUC: 0.8341, Test AUC: 0.8367

Epoch 423: New best validation AUC: 0.8369

Epoch 428: New best validation AUC: 0.8392

Epoch 430: New best validation AUC: 0.8393
Epoch: 430, Loss: 0.5615, Val AUC: 0.8393, Test AUC: 0.8420

Epoch 433: New best validation AUC: 0.8406

Epoch 435: New best validation AUC: 0.8416

Epoch 438: New best validation AUC: 0.8435

Epoch 440: New best validation AUC: 0.8447
Epoch: 440, Loss: 0.5564, Val AUC: 0.8447, Test AUC: 0.8477

Epoch 442: New best validation AUC: 0.8447

Epoch 443: New best validation AUC: 0.8465

Epoch 445: New best validation AUC: 0.8478

Epoch 446: New best validation AUC: 0.8478

Epoch 447: New best validation AUC: 0.8482

Epoch 448: New best validation AUC: 0.8504

Epoch 450: New best validation AUC: 0.8517
Epoch: 450, Loss: 0.5495, Val AUC: 0.8517, Test AUC: 0.8551

Epoch 452: New best validation AUC: 0.8531

Epoch 453: New best validation AUC: 0.8537

Epoch 454: New best validation AUC: 0.8545

Epoch 455: New best validation AUC: 0.8559

Epoch 456: New best validation AUC: 0.8561

Epoch 457: New best validation AUC: 0.8577

Epoch 458: New best validation AUC: 0.8583

Epoch 459: New best validation AUC: 0.8592

Epoch 460: New best validation AUC: 0.8605
Epoch: 460, Loss: 0.5423, Val AUC: 0.8605, Test AUC: 0.8641

Epoch 461: New best validation AUC: 0.8611

Epoch 462: New best validation AUC: 0.8620

Epoch 463: New best validation AUC: 0.8630

Epoch 464: New best validation AUC: 0.8633

Epoch 465: New best validation AUC: 0.8649

Epoch 466: New best validation AUC: 0.8656

Epoch 467: New best validation AUC: 0.8661

Epoch 468: New best validation AUC: 0.8678

Epoch 470: New best validation AUC: 0.8693
Epoch: 470, Loss: 0.5347, Val AUC: 0.8693, Test AUC: 0.8729

Epoch 471: New best validation AUC: 0.8699

Epoch 472: New best validation AUC: 0.8702

Epoch 473: New best validation AUC: 0.8720

Epoch 474: New best validation AUC: 0.8720

Epoch 475: New best validation AUC: 0.8734

Epoch 476: New best validation AUC: 0.8739

Epoch 477: New best validation AUC: 0.8746

Epoch 478: New best validation AUC: 0.8752

Epoch 479: New best validation AUC: 0.8763

Epoch 480: New best validation AUC: 0.8773
Epoch: 480, Loss: 0.5279, Val AUC: 0.8773, Test AUC: 0.8809

Epoch 481: New best validation AUC: 0.8776

Epoch 482: New best validation AUC: 0.8784

Epoch 483: New best validation AUC: 0.8794

Epoch 484: New best validation AUC: 0.8803

Epoch 485: New best validation AUC: 0.8810

Epoch 486: New best validation AUC: 0.8816

Epoch 487: New best validation AUC: 0.8823

Epoch 488: New best validation AUC: 0.8837

Epoch 489: New best validation AUC: 0.8842
Epoch: 490, Loss: 0.5202, Val AUC: 0.8841, Test AUC: 0.8876

Epoch 491: New best validation AUC: 0.8861

Epoch 492: New best validation AUC: 0.8862

Epoch 493: New best validation AUC: 0.8870

Epoch 494: New best validation AUC: 0.8880

Epoch 496: New best validation AUC: 0.8897

Epoch 498: New best validation AUC: 0.8909

Epoch 499: New best validation AUC: 0.8915

Epoch 500: New best validation AUC: 0.8917
Epoch: 500, Loss: 0.5133, Val AUC: 0.8917, Test AUC: 0.8950

Epoch 501: New best validation AUC: 0.8930

Epoch 503: New best validation AUC: 0.8943

Epoch 504: New best validation AUC: 0.8949

Epoch 505: New best validation AUC: 0.8950

Epoch 506: New best validation AUC: 0.8959

Epoch 507: New best validation AUC: 0.8970

Epoch 509: New best validation AUC: 0.8979

Epoch 510: New best validation AUC: 0.8983
Epoch: 510, Loss: 0.5080, Val AUC: 0.8983, Test AUC: 0.9015

Epoch 511: New best validation AUC: 0.8992

Epoch 513: New best validation AUC: 0.8998

Epoch 517: New best validation AUC: 0.9008

Epoch 518: New best validation AUC: 0.9017

Epoch 519: New best validation AUC: 0.9022

Epoch 520: New best validation AUC: 0.9023
Epoch: 520, Loss: 0.5032, Val AUC: 0.9023, Test AUC: 0.9053

Epoch 522: New best validation AUC: 0.9029

Epoch 523: New best validation AUC: 0.9047

Epoch 527: New best validation AUC: 0.9049

Epoch 528: New best validation AUC: 0.9052

Epoch 530: New best validation AUC: 0.9055
Epoch: 530, Loss: 0.5024, Val AUC: 0.9055, Test AUC: 0.9085

Epoch 531: New best validation AUC: 0.9065

Epoch 534: New best validation AUC: 0.9066

Epoch 536: New best validation AUC: 0.9074

Epoch 539: New best validation AUC: 0.9078

Epoch 540: New best validation AUC: 0.9080
Epoch: 540, Loss: 0.4990, Val AUC: 0.9080, Test AUC: 0.9110

Epoch 541: New best validation AUC: 0.9082

Epoch 544: New best validation AUC: 0.9090

Epoch 547: New best validation AUC: 0.9091

Epoch 548: New best validation AUC: 0.9094
Epoch: 550, Loss: 0.4978, Val AUC: 0.9090, Test AUC: 0.9119

Epoch 551: New best validation AUC: 0.9095

Epoch 552: New best validation AUC: 0.9099

Epoch 555: New best validation AUC: 0.9100

Epoch 556: New best validation AUC: 0.9103

Epoch 559: New best validation AUC: 0.9105

Epoch 560: New best validation AUC: 0.9107
Epoch: 560, Loss: 0.4969, Val AUC: 0.9107, Test AUC: 0.9136

Epoch 563: New best validation AUC: 0.9108

Epoch 564: New best validation AUC: 0.9110

Epoch 567: New best validation AUC: 0.9112

Epoch 568: New best validation AUC: 0.9114
Epoch: 570, Loss: 0.4959, Val AUC: 0.9111, Test AUC: 0.9141

Epoch 572: New best validation AUC: 0.9116

Epoch 575: New best validation AUC: 0.9117

Epoch 576: New best validation AUC: 0.9118

Epoch 579: New best validation AUC: 0.9119

Epoch 580: New best validation AUC: 0.9120
Epoch: 580, Loss: 0.4953, Val AUC: 0.9120, Test AUC: 0.9150

Epoch 581: New best validation AUC: 0.9121

Epoch 584: New best validation AUC: 0.9123

Epoch 585: New best validation AUC: 0.9124

Epoch 588: New best validation AUC: 0.9126

Epoch 589: New best validation AUC: 0.9126
Epoch: 590, Loss: 0.4955, Val AUC: 0.9125, Test AUC: 0.9155

Epoch 591: New best validation AUC: 0.9127

Epoch 592: New best validation AUC: 0.9128

Epoch 593: New best validation AUC: 0.9128

Epoch 594: New best validation AUC: 0.9128

Epoch 595: New best validation AUC: 0.9129

Epoch 596: New best validation AUC: 0.9130

Epoch 598: New best validation AUC: 0.9131

Epoch 599: New best validation AUC: 0.9131
Epoch: 600, Loss: 0.4958, Val AUC: 0.9130, Test AUC: 0.9160

Epoch 601: New best validation AUC: 0.9131

Epoch 602: New best validation AUC: 0.9133

Epoch 603: New best validation AUC: 0.9134

Epoch 604: New best validation AUC: 0.9134

Epoch 605: New best validation AUC: 0.9135

Epoch 607: New best validation AUC: 0.9136

Epoch 609: New best validation AUC: 0.9136

Epoch 610: New best validation AUC: 0.9138
Epoch: 610, Loss: 0.4946, Val AUC: 0.9138, Test AUC: 0.9167

Epoch 611: New best validation AUC: 0.9139

Epoch 612: New best validation AUC: 0.9140

Epoch 614: New best validation AUC: 0.9140

Epoch 615: New best validation AUC: 0.9141

Epoch 618: New best validation AUC: 0.9142

Epoch 619: New best validation AUC: 0.9143

Epoch 620: New best validation AUC: 0.9144
Epoch: 620, Loss: 0.4942, Val AUC: 0.9144, Test AUC: 0.9173

Epoch 621: New best validation AUC: 0.9144

Epoch 622: New best validation AUC: 0.9146

Epoch 623: New best validation AUC: 0.9147
Epoch: 630, Loss: 0.4949, Val AUC: 0.9142, Test AUC: 0.9170

Epoch 637: New best validation AUC: 0.9149

Epoch 638: New best validation AUC: 0.9152
Epoch: 640, Loss: 0.4937, Val AUC: 0.9149, Test AUC: 0.9178

Epoch 644: New best validation AUC: 0.9152

Epoch 645: New best validation AUC: 0.9153

Epoch 646: New best validation AUC: 0.9155

Epoch 647: New best validation AUC: 0.9156

Epoch 649: New best validation AUC: 0.9156

Epoch 650: New best validation AUC: 0.9157
Epoch: 650, Loss: 0.4934, Val AUC: 0.9157, Test AUC: 0.9186

Epoch 651: New best validation AUC: 0.9157

Epoch 653: New best validation AUC: 0.9158

Epoch 654: New best validation AUC: 0.9159

Epoch 660: New best validation AUC: 0.9160
Epoch: 660, Loss: 0.4937, Val AUC: 0.9160, Test AUC: 0.9189

Epoch 661: New best validation AUC: 0.9161

Epoch 662: New best validation AUC: 0.9162

Epoch 664: New best validation AUC: 0.9163

Epoch 665: New best validation AUC: 0.9164

Epoch 667: New best validation AUC: 0.9164

Epoch 668: New best validation AUC: 0.9165
Epoch: 670, Loss: 0.4933, Val AUC: 0.9164, Test AUC: 0.9193

Epoch 676: New best validation AUC: 0.9166

Epoch 678: New best validation AUC: 0.9166
Epoch: 680, Loss: 0.4923, Val AUC: 0.9164, Test AUC: 0.9193

Epoch 685: New best validation AUC: 0.9168

Epoch 686: New best validation AUC: 0.9170
Epoch: 690, Loss: 0.4938, Val AUC: 0.9159, Test AUC: 0.9186

Epoch 694: New best validation AUC: 0.9172

Epoch 695: New best validation AUC: 0.9174
Epoch: 700, Loss: 0.4925, Val AUC: 0.9174, Test AUC: 0.9203

Epoch 701: New best validation AUC: 0.9175

Epoch 707: New best validation AUC: 0.9179
Epoch: 710, Loss: 0.4927, Val AUC: 0.9175, Test AUC: 0.9204

Epoch 714: New best validation AUC: 0.9180

Epoch 715: New best validation AUC: 0.9181

Epoch 716: New best validation AUC: 0.9181

Epoch 717: New best validation AUC: 0.9181

Epoch 719: New best validation AUC: 0.9182
Epoch: 720, Loss: 0.4924, Val AUC: 0.9181, Test AUC: 0.9209

Epoch 721: New best validation AUC: 0.9182

Epoch 722: New best validation AUC: 0.9182

Epoch 723: New best validation AUC: 0.9183

Epoch 724: New best validation AUC: 0.9184

Epoch 725: New best validation AUC: 0.9184

Epoch 726: New best validation AUC: 0.9185

Epoch 730: New best validation AUC: 0.9186
Epoch: 730, Loss: 0.4922, Val AUC: 0.9186, Test AUC: 0.9214

Epoch 732: New best validation AUC: 0.9187

Epoch 734: New best validation AUC: 0.9187
Epoch: 740, Loss: 0.4920, Val AUC: 0.9185, Test AUC: 0.9214

Epoch 744: New best validation AUC: 0.9190

Epoch 745: New best validation AUC: 0.9191

Epoch 746: New best validation AUC: 0.9192

Epoch 747: New best validation AUC: 0.9192
Epoch: 750, Loss: 0.4924, Val AUC: 0.9188, Test AUC: 0.9216

Epoch 755: New best validation AUC: 0.9194

Epoch 756: New best validation AUC: 0.9195

Epoch 757: New best validation AUC: 0.9195

Epoch 758: New best validation AUC: 0.9196

Epoch 759: New best validation AUC: 0.9196

Epoch 760: New best validation AUC: 0.9197
Epoch: 760, Loss: 0.4907, Val AUC: 0.9197, Test AUC: 0.9225

Epoch 762: New best validation AUC: 0.9197

Epoch 763: New best validation AUC: 0.9198

Epoch 764: New best validation AUC: 0.9198
Epoch: 770, Loss: 0.4919, Val AUC: 0.9190, Test AUC: 0.9217

Epoch 777: New best validation AUC: 0.9200

Epoch 778: New best validation AUC: 0.9201

Epoch 779: New best validation AUC: 0.9203

Epoch 780: New best validation AUC: 0.9203
Epoch: 780, Loss: 0.4903, Val AUC: 0.9203, Test AUC: 0.9231

Epoch 786: New best validation AUC: 0.9205

Epoch 788: New best validation AUC: 0.9206

Epoch 790: New best validation AUC: 0.9207
Epoch: 790, Loss: 0.4904, Val AUC: 0.9207, Test AUC: 0.9234

Epoch 794: New best validation AUC: 0.9208

Epoch 796: New best validation AUC: 0.9208

Epoch 798: New best validation AUC: 0.9209
Epoch: 800, Loss: 0.4906, Val AUC: 0.9203, Test AUC: 0.9230

Epoch 808: New best validation AUC: 0.9211

Epoch 809: New best validation AUC: 0.9213
Epoch: 810, Loss: 0.4901, Val AUC: 0.9212, Test AUC: 0.9240

Epoch 812: New best validation AUC: 0.9213

Epoch 818: New best validation AUC: 0.9214

Epoch 820: New best validation AUC: 0.9216
Epoch: 820, Loss: 0.4898, Val AUC: 0.9216, Test AUC: 0.9243

Epoch 821: New best validation AUC: 0.9216

Epoch 822: New best validation AUC: 0.9216

Epoch 830: New best validation AUC: 0.9218
Epoch: 830, Loss: 0.4905, Val AUC: 0.9218, Test AUC: 0.9245

Epoch 836: New best validation AUC: 0.9221

Epoch 837: New best validation AUC: 0.9221
Epoch: 840, Loss: 0.4902, Val AUC: 0.9216, Test AUC: 0.9243

Epoch 843: New best validation AUC: 0.9222

Epoch 844: New best validation AUC: 0.9223

Epoch 848: New best validation AUC: 0.9223

Epoch 850: New best validation AUC: 0.9225
Epoch: 850, Loss: 0.4893, Val AUC: 0.9225, Test AUC: 0.9252

Epoch 851: New best validation AUC: 0.9226

Epoch 857: New best validation AUC: 0.9227

Epoch 858: New best validation AUC: 0.9228

Epoch 859: New best validation AUC: 0.9228

Epoch 860: New best validation AUC: 0.9229
Epoch: 860, Loss: 0.4894, Val AUC: 0.9229, Test AUC: 0.9256

Epoch 864: New best validation AUC: 0.9230

Epoch 865: New best validation AUC: 0.9230

Epoch 867: New best validation AUC: 0.9230
Epoch: 870, Loss: 0.4899, Val AUC: 0.9229, Test AUC: 0.9255

Epoch 871: New best validation AUC: 0.9232

Epoch 873: New best validation AUC: 0.9233

Epoch 874: New best validation AUC: 0.9233
Epoch: 880, Loss: 0.4892, Val AUC: 0.9231, Test AUC: 0.9259

Epoch 882: New best validation AUC: 0.9235

Epoch 883: New best validation AUC: 0.9236

Epoch 884: New best validation AUC: 0.9236

Epoch 885: New best validation AUC: 0.9237

Epoch 887: New best validation AUC: 0.9238

Epoch 889: New best validation AUC: 0.9238
Epoch: 890, Loss: 0.4897, Val AUC: 0.9238, Test AUC: 0.9265

Epoch 891: New best validation AUC: 0.9239

Epoch 892: New best validation AUC: 0.9239

Epoch 900: New best validation AUC: 0.9240
Epoch: 900, Loss: 0.4895, Val AUC: 0.9240, Test AUC: 0.9267

Epoch 902: New best validation AUC: 0.9242

Epoch 903: New best validation AUC: 0.9242

Epoch 905: New best validation AUC: 0.9243

Epoch 907: New best validation AUC: 0.9244
Epoch: 910, Loss: 0.4886, Val AUC: 0.9239, Test AUC: 0.9265

Epoch 913: New best validation AUC: 0.9245

Epoch 915: New best validation AUC: 0.9246

Epoch 916: New best validation AUC: 0.9247
Epoch: 920, Loss: 0.4886, Val AUC: 0.9243, Test AUC: 0.9270

Epoch 926: New best validation AUC: 0.9248

Epoch 928: New best validation AUC: 0.9250

Epoch 930: New best validation AUC: 0.9251
Epoch: 930, Loss: 0.4882, Val AUC: 0.9251, Test AUC: 0.9277

Epoch 932: New best validation AUC: 0.9251

Epoch 933: New best validation AUC: 0.9251

Epoch 935: New best validation AUC: 0.9252
Epoch: 940, Loss: 0.4889, Val AUC: 0.9237, Test AUC: 0.9263

Epoch 945: New best validation AUC: 0.9254

Epoch 946: New best validation AUC: 0.9255
Epoch: 950, Loss: 0.4888, Val AUC: 0.9250, Test AUC: 0.9277

Epoch 952: New best validation AUC: 0.9255

Epoch 953: New best validation AUC: 0.9256
Epoch: 960, Loss: 0.4889, Val AUC: 0.9255, Test AUC: 0.9281

Epoch 961: New best validation AUC: 0.9259

Epoch 962: New best validation AUC: 0.9259

Epoch 966: New best validation AUC: 0.9260

Epoch 969: New best validation AUC: 0.9261
Epoch: 970, Loss: 0.4875, Val AUC: 0.9255, Test AUC: 0.9281

Epoch 973: New best validation AUC: 0.9262

Epoch 975: New best validation AUC: 0.9262

Epoch 976: New best validation AUC: 0.9263

Epoch 978: New best validation AUC: 0.9263

Epoch 979: New best validation AUC: 0.9264
Epoch: 980, Loss: 0.4875, Val AUC: 0.9263, Test AUC: 0.9289

Epoch 981: New best validation AUC: 0.9265

Epoch 983: New best validation AUC: 0.9266

Epoch 985: New best validation AUC: 0.9266

Epoch 988: New best validation AUC: 0.9267

Epoch 990: New best validation AUC: 0.9267
Epoch: 990, Loss: 0.4876, Val AUC: 0.9267, Test AUC: 0.9293

Epoch 992: New best validation AUC: 0.9268

Epoch 995: New best validation AUC: 0.9269

Epoch 999: New best validation AUC: 0.9269
Epoch: 1000, Loss: 0.4878, Val AUC: 0.9264, Test AUC: 0.9290
--------------------
Training finished.
Best Validation AUC: 0.9269
Final Test AUC (corresponding to best validation): 0.9295
TensorBoard writer closed. Logs saved in runs/Apr28_03-05-50_udc-aj36-36

Final Test Scores (first 10): tensor([0.9926, 0.8647, 0.8336, 0.4373, 0.9921, 0.9611, 0.5461, 0.7283, 0.9133,
        0.9241], device='cuda:0')
Corresponding True Labels (first 10): tensor([1., 1., 1., 1., 1., 1., 1., 1., 1., 1.], device='cuda:0')
