Using device: cuda
TensorBoard logs will be saved in: runs/Apr28_03-18-57_udc-aj36-36
Loading preprocessed data from specified path: dataset/processed_graph_data.pt

--- Data Splits ---
Train Data: Data(x=[22750, 2977], edge_index=[2, 1144308], edge_label=[572154], edge_label_index=[2, 572154])
Validation Data: Data(x=[22750, 2977], edge_index=[2, 1144308], edge_label=[67312], edge_label_index=[2, 67312])
Test Data: Data(x=[22750, 2977], edge_index=[2, 1211620], edge_label=[134624], edge_label_index=[2, 134624])
--------------------

--- Starting Training ---

Epoch 001: New best validation AUC: 0.7800
Epoch: 001, Loss: 0.6930, Val AUC: 0.7800, Test AUC: 0.7822

Epoch 002: New best validation AUC: 0.7811
Epoch: 010, Loss: 0.6928, Val AUC: 0.7777, Test AUC: 0.7800
Epoch: 020, Loss: 0.6771, Val AUC: 0.7795, Test AUC: 0.7819
Epoch: 030, Loss: 0.6567, Val AUC: 0.7758, Test AUC: 0.7781
Epoch: 040, Loss: 0.6451, Val AUC: 0.7673, Test AUC: 0.7694
Epoch: 050, Loss: 0.6396, Val AUC: 0.7592, Test AUC: 0.7616
Epoch: 060, Loss: 0.6361, Val AUC: 0.7565, Test AUC: 0.7589
Epoch: 070, Loss: 0.6320, Val AUC: 0.7582, Test AUC: 0.7605
Epoch: 080, Loss: 0.6282, Val AUC: 0.7610, Test AUC: 0.7634
Epoch: 090, Loss: 0.6244, Val AUC: 0.7616, Test AUC: 0.7639
Epoch: 100, Loss: 0.6202, Val AUC: 0.7598, Test AUC: 0.7621
Epoch: 110, Loss: 0.6173, Val AUC: 0.7567, Test AUC: 0.7590
Epoch: 120, Loss: 0.6150, Val AUC: 0.7551, Test AUC: 0.7573
Epoch: 130, Loss: 0.6141, Val AUC: 0.7556, Test AUC: 0.7577
Epoch: 140, Loss: 0.6125, Val AUC: 0.7562, Test AUC: 0.7583
Epoch: 150, Loss: 0.6112, Val AUC: 0.7577, Test AUC: 0.7597
Epoch: 160, Loss: 0.6104, Val AUC: 0.7589, Test AUC: 0.7609
Epoch: 170, Loss: 0.6102, Val AUC: 0.7620, Test AUC: 0.7640
Epoch: 180, Loss: 0.6096, Val AUC: 0.7650, Test AUC: 0.7671
Epoch: 190, Loss: 0.6083, Val AUC: 0.7631, Test AUC: 0.7650
Epoch: 200, Loss: 0.6066, Val AUC: 0.7689, Test AUC: 0.7706
Epoch: 210, Loss: 0.6059, Val AUC: 0.7733, Test AUC: 0.7748
Epoch: 220, Loss: 0.6050, Val AUC: 0.7701, Test AUC: 0.7716
Epoch: 230, Loss: 0.6041, Val AUC: 0.7716, Test AUC: 0.7731
Epoch: 240, Loss: 0.6030, Val AUC: 0.7735, Test AUC: 0.7749
Epoch: 250, Loss: 0.6024, Val AUC: 0.7742, Test AUC: 0.7756
Epoch: 260, Loss: 0.6014, Val AUC: 0.7737, Test AUC: 0.7751
Epoch: 270, Loss: 0.6005, Val AUC: 0.7748, Test AUC: 0.7762
Epoch: 280, Loss: 0.5992, Val AUC: 0.7778, Test AUC: 0.7791
Epoch: 290, Loss: 0.5987, Val AUC: 0.7794, Test AUC: 0.7808
Epoch: 300, Loss: 0.5973, Val AUC: 0.7809, Test AUC: 0.7822

Epoch 301: New best validation AUC: 0.7815

Epoch 305: New best validation AUC: 0.7821

Epoch 307: New best validation AUC: 0.7833

Epoch 309: New best validation AUC: 0.7841
Epoch: 310, Loss: 0.5962, Val AUC: 0.7810, Test AUC: 0.7823

Epoch 313: New best validation AUC: 0.7842

Epoch 315: New best validation AUC: 0.7843

Epoch 318: New best validation AUC: 0.7845

Epoch 320: New best validation AUC: 0.7853
Epoch: 320, Loss: 0.5945, Val AUC: 0.7853, Test AUC: 0.7866

Epoch 322: New best validation AUC: 0.7867

Epoch 324: New best validation AUC: 0.7885

Epoch 329: New best validation AUC: 0.7893
Epoch: 330, Loss: 0.5942, Val AUC: 0.7845, Test AUC: 0.7855

Epoch 340: New best validation AUC: 0.7896
Epoch: 340, Loss: 0.5926, Val AUC: 0.7896, Test AUC: 0.7907

Epoch 343: New best validation AUC: 0.7900

Epoch 345: New best validation AUC: 0.7904

Epoch 348: New best validation AUC: 0.7910

Epoch 350: New best validation AUC: 0.7913
Epoch: 350, Loss: 0.5912, Val AUC: 0.7913, Test AUC: 0.7922

Epoch 353: New best validation AUC: 0.7917

Epoch 356: New best validation AUC: 0.7927

Epoch 359: New best validation AUC: 0.7938
Epoch: 360, Loss: 0.5895, Val AUC: 0.7908, Test AUC: 0.7914

Epoch 361: New best validation AUC: 0.7952

Epoch 363: New best validation AUC: 0.7953

Epoch 366: New best validation AUC: 0.7954

Epoch 368: New best validation AUC: 0.7965
Epoch: 370, Loss: 0.5882, Val AUC: 0.7962, Test AUC: 0.7969

Epoch 373: New best validation AUC: 0.7965

Epoch 375: New best validation AUC: 0.7971

Epoch 377: New best validation AUC: 0.7979

Epoch 379: New best validation AUC: 0.7990
Epoch: 380, Loss: 0.5867, Val AUC: 0.7960, Test AUC: 0.7964

Epoch 381: New best validation AUC: 0.8004

Epoch 383: New best validation AUC: 0.8013

Epoch 390: New best validation AUC: 0.8016
Epoch: 390, Loss: 0.5851, Val AUC: 0.8016, Test AUC: 0.8021

Epoch 392: New best validation AUC: 0.8023

Epoch 394: New best validation AUC: 0.8034

Epoch 396: New best validation AUC: 0.8040

Epoch 398: New best validation AUC: 0.8042

Epoch 400: New best validation AUC: 0.8043
Epoch: 400, Loss: 0.5834, Val AUC: 0.8043, Test AUC: 0.8048

Epoch 405: New best validation AUC: 0.8045

Epoch 407: New best validation AUC: 0.8046

Epoch 408: New best validation AUC: 0.8051

Epoch 410: New best validation AUC: 0.8064
Epoch: 410, Loss: 0.5821, Val AUC: 0.8064, Test AUC: 0.8069

Epoch 412: New best validation AUC: 0.8086

Epoch 414: New best validation AUC: 0.8090

Epoch 417: New best validation AUC: 0.8095
Epoch: 420, Loss: 0.5815, Val AUC: 0.8089, Test AUC: 0.8094
Epoch: 430, Loss: 0.5803, Val AUC: 0.8068, Test AUC: 0.8069

Epoch 434: New best validation AUC: 0.8097

Epoch 439: New best validation AUC: 0.8106
Epoch: 440, Loss: 0.5795, Val AUC: 0.8087, Test AUC: 0.8089

Epoch 445: New best validation AUC: 0.8110

Epoch 447: New best validation AUC: 0.8116
Epoch: 450, Loss: 0.5782, Val AUC: 0.8114, Test AUC: 0.8117

Epoch 452: New best validation AUC: 0.8117

Epoch 455: New best validation AUC: 0.8119

Epoch 458: New best validation AUC: 0.8123

Epoch 460: New best validation AUC: 0.8127
Epoch: 460, Loss: 0.5774, Val AUC: 0.8127, Test AUC: 0.8130

Epoch 462: New best validation AUC: 0.8133

Epoch 467: New best validation AUC: 0.8136

Epoch 470: New best validation AUC: 0.8138
Epoch: 470, Loss: 0.5765, Val AUC: 0.8138, Test AUC: 0.8141

Epoch 472: New best validation AUC: 0.8138

Epoch 474: New best validation AUC: 0.8144

Epoch 476: New best validation AUC: 0.8151

Epoch 478: New best validation AUC: 0.8153

Epoch 480: New best validation AUC: 0.8161
Epoch: 480, Loss: 0.5755, Val AUC: 0.8161, Test AUC: 0.8165

Epoch 482: New best validation AUC: 0.8167

Epoch 484: New best validation AUC: 0.8178

Epoch 486: New best validation AUC: 0.8186
Epoch: 490, Loss: 0.5745, Val AUC: 0.8160, Test AUC: 0.8163

Epoch 493: New best validation AUC: 0.8186

Epoch 500: New best validation AUC: 0.8193
Epoch: 500, Loss: 0.5739, Val AUC: 0.8193, Test AUC: 0.8198

Epoch 507: New best validation AUC: 0.8194

Epoch 509: New best validation AUC: 0.8199
Epoch: 510, Loss: 0.5732, Val AUC: 0.8173, Test AUC: 0.8176

Epoch 516: New best validation AUC: 0.8206

Epoch 518: New best validation AUC: 0.8209
Epoch: 520, Loss: 0.5724, Val AUC: 0.8205, Test AUC: 0.8212

Epoch 522: New best validation AUC: 0.8210

Epoch 524: New best validation AUC: 0.8217

Epoch 526: New best validation AUC: 0.8219

Epoch 528: New best validation AUC: 0.8223

Epoch 530: New best validation AUC: 0.8234
Epoch: 530, Loss: 0.5717, Val AUC: 0.8234, Test AUC: 0.8243

Epoch 532: New best validation AUC: 0.8248
Epoch: 540, Loss: 0.5722, Val AUC: 0.8205, Test AUC: 0.8210

Epoch 542: New best validation AUC: 0.8249

Epoch 547: New best validation AUC: 0.8250
Epoch: 550, Loss: 0.5704, Val AUC: 0.8249, Test AUC: 0.8259

Epoch 555: New best validation AUC: 0.8254
Epoch: 560, Loss: 0.5702, Val AUC: 0.8241, Test AUC: 0.8250
Epoch: 570, Loss: 0.5695, Val AUC: 0.8234, Test AUC: 0.8242

Epoch 576: New best validation AUC: 0.8256
Epoch: 580, Loss: 0.5686, Val AUC: 0.8239, Test AUC: 0.8247

Epoch 581: New best validation AUC: 0.8261

Epoch 586: New best validation AUC: 0.8264

Epoch 588: New best validation AUC: 0.8265
Epoch: 590, Loss: 0.5678, Val AUC: 0.8262, Test AUC: 0.8272

Epoch 593: New best validation AUC: 0.8267

Epoch 595: New best validation AUC: 0.8274

Epoch 600: New best validation AUC: 0.8277
Epoch: 600, Loss: 0.5676, Val AUC: 0.8277, Test AUC: 0.8288

Epoch 602: New best validation AUC: 0.8284

Epoch 607: New best validation AUC: 0.8289

Epoch 609: New best validation AUC: 0.8304
Epoch: 610, Loss: 0.5686, Val AUC: 0.8217, Test AUC: 0.8223
Epoch: 620, Loss: 0.5660, Val AUC: 0.8279, Test AUC: 0.8290
Epoch: 630, Loss: 0.5670, Val AUC: 0.8286, Test AUC: 0.8298

Epoch 635: New best validation AUC: 0.8305
Epoch: 640, Loss: 0.5659, Val AUC: 0.8296, Test AUC: 0.8307

Epoch 642: New best validation AUC: 0.8311

Epoch 644: New best validation AUC: 0.8316
Epoch: 650, Loss: 0.5656, Val AUC: 0.8277, Test AUC: 0.8288

Epoch 651: New best validation AUC: 0.8318

Epoch 653: New best validation AUC: 0.8326
Epoch: 660, Loss: 0.5648, Val AUC: 0.8318, Test AUC: 0.8331
Epoch: 670, Loss: 0.5650, Val AUC: 0.8303, Test AUC: 0.8315

Epoch 676: New best validation AUC: 0.8334

Epoch 678: New best validation AUC: 0.8346
Epoch: 680, Loss: 0.5669, Val AUC: 0.8341, Test AUC: 0.8355
Epoch: 690, Loss: 0.5642, Val AUC: 0.8307, Test AUC: 0.8319
Epoch: 700, Loss: 0.5644, Val AUC: 0.8337, Test AUC: 0.8350
Epoch: 710, Loss: 0.5636, Val AUC: 0.8279, Test AUC: 0.8289

Epoch 711: New best validation AUC: 0.8358

Epoch 713: New best validation AUC: 0.8360
Epoch: 720, Loss: 0.5642, Val AUC: 0.8354, Test AUC: 0.8369
Epoch: 730, Loss: 0.5628, Val AUC: 0.8326, Test AUC: 0.8339
Epoch: 740, Loss: 0.5626, Val AUC: 0.8313, Test AUC: 0.8325

Epoch 743: New best validation AUC: 0.8362
Epoch: 750, Loss: 0.5626, Val AUC: 0.8343, Test AUC: 0.8357
Epoch: 760, Loss: 0.5624, Val AUC: 0.8330, Test AUC: 0.8342
Epoch: 770, Loss: 0.5623, Val AUC: 0.8353, Test AUC: 0.8368

Epoch 772: New best validation AUC: 0.8370

Epoch 774: New best validation AUC: 0.8375
Epoch: 780, Loss: 0.5615, Val AUC: 0.8338, Test AUC: 0.8351
Epoch: 790, Loss: 0.5617, Val AUC: 0.8353, Test AUC: 0.8368
Epoch: 800, Loss: 0.5620, Val AUC: 0.8372, Test AUC: 0.8387
Epoch: 810, Loss: 0.5616, Val AUC: 0.8341, Test AUC: 0.8354

Epoch 818: New best validation AUC: 0.8377

Epoch 820: New best validation AUC: 0.8381
Epoch: 820, Loss: 0.5620, Val AUC: 0.8381, Test AUC: 0.8397

Epoch 829: New best validation AUC: 0.8383
Epoch: 830, Loss: 0.5616, Val AUC: 0.8314, Test AUC: 0.8325

Epoch 831: New best validation AUC: 0.8393

Epoch 833: New best validation AUC: 0.8396
Epoch: 840, Loss: 0.5620, Val AUC: 0.8388, Test AUC: 0.8404
Epoch: 850, Loss: 0.5606, Val AUC: 0.8361, Test AUC: 0.8375
Epoch: 860, Loss: 0.5609, Val AUC: 0.8366, Test AUC: 0.8380
Epoch: 870, Loss: 0.5608, Val AUC: 0.8387, Test AUC: 0.8403
Epoch: 880, Loss: 0.5608, Val AUC: 0.8338, Test AUC: 0.8351

Epoch 888: New best validation AUC: 0.8400
Epoch: 890, Loss: 0.5620, Val AUC: 0.8400, Test AUC: 0.8417

Epoch 895: New best validation AUC: 0.8404

Epoch 897: New best validation AUC: 0.8411
Epoch: 900, Loss: 0.5596, Val AUC: 0.8382, Test AUC: 0.8397
Epoch: 910, Loss: 0.5602, Val AUC: 0.8362, Test AUC: 0.8375
Epoch: 920, Loss: 0.5602, Val AUC: 0.8364, Test AUC: 0.8377
Epoch: 930, Loss: 0.5597, Val AUC: 0.8359, Test AUC: 0.8372
Epoch: 940, Loss: 0.5595, Val AUC: 0.8378, Test AUC: 0.8392
Epoch: 950, Loss: 0.5593, Val AUC: 0.8388, Test AUC: 0.8404
Epoch: 960, Loss: 0.5599, Val AUC: 0.8345, Test AUC: 0.8357
Epoch: 970, Loss: 0.5597, Val AUC: 0.8389, Test AUC: 0.8404
Epoch: 980, Loss: 0.5597, Val AUC: 0.8394, Test AUC: 0.8410
Epoch: 990, Loss: 0.5596, Val AUC: 0.8357, Test AUC: 0.8370

Epoch 993: New best validation AUC: 0.8418
Epoch: 1000, Loss: 0.5595, Val AUC: 0.8386, Test AUC: 0.8401
Epoch: 1010, Loss: 0.5591, Val AUC: 0.8388, Test AUC: 0.8404
Epoch: 1020, Loss: 0.5587, Val AUC: 0.8402, Test AUC: 0.8419

Epoch 1024: New best validation AUC: 0.8424

Epoch 1026: New best validation AUC: 0.8434
Epoch: 1030, Loss: 0.5595, Val AUC: 0.8406, Test AUC: 0.8422
Epoch: 1040, Loss: 0.5590, Val AUC: 0.8413, Test AUC: 0.8430
Epoch: 1050, Loss: 0.5589, Val AUC: 0.8390, Test AUC: 0.8405
Epoch: 1060, Loss: 0.5582, Val AUC: 0.8396, Test AUC: 0.8412
Epoch: 1070, Loss: 0.5585, Val AUC: 0.8397, Test AUC: 0.8413
Epoch: 1080, Loss: 0.5587, Val AUC: 0.8386, Test AUC: 0.8401

Epoch 1087: New best validation AUC: 0.8442
Epoch: 1090, Loss: 0.5597, Val AUC: 0.8361, Test AUC: 0.8374
Epoch: 1100, Loss: 0.5581, Val AUC: 0.8362, Test AUC: 0.8375
Epoch: 1110, Loss: 0.5583, Val AUC: 0.8416, Test AUC: 0.8433
Epoch: 1120, Loss: 0.5594, Val AUC: 0.8341, Test AUC: 0.8353
Epoch: 1130, Loss: 0.5578, Val AUC: 0.8395, Test AUC: 0.8410
Epoch: 1140, Loss: 0.5583, Val AUC: 0.8407, Test AUC: 0.8423
Epoch: 1150, Loss: 0.5582, Val AUC: 0.8394, Test AUC: 0.8409
Epoch: 1160, Loss: 0.5579, Val AUC: 0.8410, Test AUC: 0.8426
Epoch: 1170, Loss: 0.5577, Val AUC: 0.8375, Test AUC: 0.8389
Epoch: 1180, Loss: 0.5579, Val AUC: 0.8416, Test AUC: 0.8432

Epoch 1186: New best validation AUC: 0.8449
Epoch: 1190, Loss: 0.5590, Val AUC: 0.8419, Test AUC: 0.8435
Epoch: 1200, Loss: 0.5581, Val AUC: 0.8418, Test AUC: 0.8435
Epoch: 1210, Loss: 0.5566, Val AUC: 0.8403, Test AUC: 0.8419
Epoch: 1220, Loss: 0.5567, Val AUC: 0.8415, Test AUC: 0.8431
Epoch: 1230, Loss: 0.5579, Val AUC: 0.8383, Test AUC: 0.8397
Epoch: 1240, Loss: 0.5577, Val AUC: 0.8434, Test AUC: 0.8452
Epoch: 1250, Loss: 0.5571, Val AUC: 0.8395, Test AUC: 0.8410
Epoch: 1260, Loss: 0.5575, Val AUC: 0.8431, Test AUC: 0.8449
Epoch: 1270, Loss: 0.5577, Val AUC: 0.8399, Test AUC: 0.8414
Epoch: 1280, Loss: 0.5572, Val AUC: 0.8406, Test AUC: 0.8422
Epoch: 1290, Loss: 0.5565, Val AUC: 0.8395, Test AUC: 0.8410
Epoch: 1300, Loss: 0.5577, Val AUC: 0.8447, Test AUC: 0.8467

Epoch 1302: New best validation AUC: 0.8458
Epoch: 1310, Loss: 0.5568, Val AUC: 0.8366, Test AUC: 0.8380
Epoch: 1320, Loss: 0.5569, Val AUC: 0.8442, Test AUC: 0.8460
Epoch: 1330, Loss: 0.5567, Val AUC: 0.8390, Test AUC: 0.8405
Epoch: 1340, Loss: 0.5561, Val AUC: 0.8423, Test AUC: 0.8441
Epoch: 1350, Loss: 0.5557, Val AUC: 0.8416, Test AUC: 0.8433
Epoch: 1360, Loss: 0.5543, Val AUC: 0.8445, Test AUC: 0.8464

Epoch 1366: New best validation AUC: 0.8461

Epoch 1368: New best validation AUC: 0.8473

Epoch 1370: New best validation AUC: 0.8491
Epoch: 1370, Loss: 0.5541, Val AUC: 0.8491, Test AUC: 0.8512

Epoch 1372: New best validation AUC: 0.8504

Epoch 1374: New best validation AUC: 0.8509

Epoch 1379: New best validation AUC: 0.8517
Epoch: 1380, Loss: 0.5508, Val AUC: 0.8470, Test AUC: 0.8487

Epoch 1381: New best validation AUC: 0.8542

Epoch 1383: New best validation AUC: 0.8552

Epoch 1385: New best validation AUC: 0.8553

Epoch 1386: New best validation AUC: 0.8565

Epoch 1388: New best validation AUC: 0.8595

Epoch 1390: New best validation AUC: 0.8615
Epoch: 1390, Loss: 0.5454, Val AUC: 0.8615, Test AUC: 0.8635

Epoch 1392: New best validation AUC: 0.8620

Epoch 1393: New best validation AUC: 0.8649

Epoch 1395: New best validation AUC: 0.8679

Epoch 1397: New best validation AUC: 0.8695

Epoch 1398: New best validation AUC: 0.8726

Epoch 1400: New best validation AUC: 0.8755
Epoch: 1400, Loss: 0.5346, Val AUC: 0.8755, Test AUC: 0.8770

Epoch 1401: New best validation AUC: 0.8772

Epoch 1402: New best validation AUC: 0.8776

Epoch 1403: New best validation AUC: 0.8810

Epoch 1404: New best validation AUC: 0.8819

Epoch 1405: New best validation AUC: 0.8831

Epoch 1406: New best validation AUC: 0.8860

Epoch 1407: New best validation AUC: 0.8868

Epoch 1408: New best validation AUC: 0.8880

Epoch 1409: New best validation AUC: 0.8906

Epoch 1410: New best validation AUC: 0.8915
Epoch: 1410, Loss: 0.5194, Val AUC: 0.8915, Test AUC: 0.8926

Epoch 1411: New best validation AUC: 0.8919

Epoch 1412: New best validation AUC: 0.8943

Epoch 1413: New best validation AUC: 0.8957

Epoch 1415: New best validation AUC: 0.8970

Epoch 1416: New best validation AUC: 0.8986

Epoch 1418: New best validation AUC: 0.8988

Epoch 1419: New best validation AUC: 0.9004

Epoch 1420: New best validation AUC: 0.9009
Epoch: 1420, Loss: 0.5085, Val AUC: 0.9009, Test AUC: 0.9021

Epoch 1422: New best validation AUC: 0.9014

Epoch 1423: New best validation AUC: 0.9024

Epoch 1424: New best validation AUC: 0.9028

Epoch 1426: New best validation AUC: 0.9030

Epoch 1427: New best validation AUC: 0.9040

Epoch 1428: New best validation AUC: 0.9043

Epoch 1430: New best validation AUC: 0.9044
Epoch: 1430, Loss: 0.5026, Val AUC: 0.9044, Test AUC: 0.9057

Epoch 1431: New best validation AUC: 0.9054

Epoch 1432: New best validation AUC: 0.9055

Epoch 1434: New best validation AUC: 0.9056

Epoch 1435: New best validation AUC: 0.9064

Epoch 1436: New best validation AUC: 0.9064

Epoch 1438: New best validation AUC: 0.9066

Epoch 1439: New best validation AUC: 0.9073

Epoch 1440: New best validation AUC: 0.9074
Epoch: 1440, Loss: 0.4994, Val AUC: 0.9074, Test AUC: 0.9088

Epoch 1442: New best validation AUC: 0.9075

Epoch 1443: New best validation AUC: 0.9080

Epoch 1444: New best validation AUC: 0.9081

Epoch 1446: New best validation AUC: 0.9082

Epoch 1447: New best validation AUC: 0.9084

Epoch 1448: New best validation AUC: 0.9087

Epoch 1449: New best validation AUC: 0.9088

Epoch 1450: New best validation AUC: 0.9089
Epoch: 1450, Loss: 0.4979, Val AUC: 0.9089, Test AUC: 0.9103

Epoch 1451: New best validation AUC: 0.9092

Epoch 1453: New best validation AUC: 0.9092

Epoch 1454: New best validation AUC: 0.9097

Epoch 1455: New best validation AUC: 0.9098

Epoch 1457: New best validation AUC: 0.9099

Epoch 1458: New best validation AUC: 0.9104
Epoch: 1460, Loss: 0.4968, Val AUC: 0.9099, Test AUC: 0.9113

Epoch 1461: New best validation AUC: 0.9105

Epoch 1462: New best validation AUC: 0.9109

Epoch 1465: New best validation AUC: 0.9110

Epoch 1466: New best validation AUC: 0.9112

Epoch 1469: New best validation AUC: 0.9115
Epoch: 1470, Loss: 0.4961, Val AUC: 0.9114, Test AUC: 0.9128

Epoch 1472: New best validation AUC: 0.9117

Epoch 1473: New best validation AUC: 0.9121

Epoch 1476: New best validation AUC: 0.9124

Epoch 1479: New best validation AUC: 0.9124

Epoch 1480: New best validation AUC: 0.9125
Epoch: 1480, Loss: 0.4954, Val AUC: 0.9125, Test AUC: 0.9138

Epoch 1482: New best validation AUC: 0.9127

Epoch 1483: New best validation AUC: 0.9128

Epoch 1486: New best validation AUC: 0.9131

Epoch 1487: New best validation AUC: 0.9132

Epoch 1490: New best validation AUC: 0.9134
Epoch: 1490, Loss: 0.4942, Val AUC: 0.9134, Test AUC: 0.9147

Epoch 1493: New best validation AUC: 0.9136

Epoch 1496: New best validation AUC: 0.9138

Epoch 1497: New best validation AUC: 0.9140

Epoch 1500: New best validation AUC: 0.9142
Epoch: 1500, Loss: 0.4932, Val AUC: 0.9142, Test AUC: 0.9155

Epoch 1505: New best validation AUC: 0.9145

Epoch 1506: New best validation AUC: 0.9147

Epoch 1509: New best validation AUC: 0.9149
Epoch: 1510, Loss: 0.4926, Val AUC: 0.9146, Test AUC: 0.9158

Epoch 1512: New best validation AUC: 0.9151

Epoch 1515: New best validation AUC: 0.9153

Epoch 1519: New best validation AUC: 0.9157
Epoch: 1520, Loss: 0.4921, Val AUC: 0.9152, Test AUC: 0.9163

Epoch 1522: New best validation AUC: 0.9157

Epoch 1525: New best validation AUC: 0.9158

Epoch 1528: New best validation AUC: 0.9160

Epoch 1529: New best validation AUC: 0.9161
Epoch: 1530, Loss: 0.4919, Val AUC: 0.9158, Test AUC: 0.9169

Epoch 1532: New best validation AUC: 0.9163

Epoch 1535: New best validation AUC: 0.9165

Epoch 1538: New best validation AUC: 0.9166
Epoch: 1540, Loss: 0.4907, Val AUC: 0.9165, Test AUC: 0.9175

Epoch 1541: New best validation AUC: 0.9167

Epoch 1544: New best validation AUC: 0.9168

Epoch 1546: New best validation AUC: 0.9168

Epoch 1547: New best validation AUC: 0.9170

Epoch 1550: New best validation AUC: 0.9172
Epoch: 1550, Loss: 0.4907, Val AUC: 0.9172, Test AUC: 0.9182

Epoch 1552: New best validation AUC: 0.9173

Epoch 1555: New best validation AUC: 0.9174

Epoch 1557: New best validation AUC: 0.9174

Epoch 1558: New best validation AUC: 0.9175
Epoch: 1560, Loss: 0.4901, Val AUC: 0.9174, Test AUC: 0.9185

Epoch 1561: New best validation AUC: 0.9177

Epoch 1564: New best validation AUC: 0.9179

Epoch 1567: New best validation AUC: 0.9180

Epoch 1570: New best validation AUC: 0.9181
Epoch: 1570, Loss: 0.4895, Val AUC: 0.9181, Test AUC: 0.9191

Epoch 1573: New best validation AUC: 0.9182

Epoch 1575: New best validation AUC: 0.9182

Epoch 1576: New best validation AUC: 0.9182

Epoch 1578: New best validation AUC: 0.9183

Epoch 1579: New best validation AUC: 0.9183
Epoch: 1580, Loss: 0.4894, Val AUC: 0.9183, Test AUC: 0.9194

Epoch 1581: New best validation AUC: 0.9184

Epoch 1582: New best validation AUC: 0.9184

Epoch 1583: New best validation AUC: 0.9185

Epoch 1584: New best validation AUC: 0.9186

Epoch 1587: New best validation AUC: 0.9186

Epoch 1588: New best validation AUC: 0.9187

Epoch 1590: New best validation AUC: 0.9188
Epoch: 1590, Loss: 0.4893, Val AUC: 0.9188, Test AUC: 0.9197

Epoch 1591: New best validation AUC: 0.9188

Epoch 1592: New best validation AUC: 0.9188

Epoch 1594: New best validation AUC: 0.9190

Epoch 1597: New best validation AUC: 0.9191

Epoch 1600: New best validation AUC: 0.9191
Epoch: 1600, Loss: 0.4892, Val AUC: 0.9191, Test AUC: 0.9201

Epoch 1601: New best validation AUC: 0.9191

Epoch 1602: New best validation AUC: 0.9191

Epoch 1605: New best validation AUC: 0.9193

Epoch 1608: New best validation AUC: 0.9194
Epoch: 1610, Loss: 0.4895, Val AUC: 0.9193, Test AUC: 0.9203

Epoch 1611: New best validation AUC: 0.9196

Epoch 1616: New best validation AUC: 0.9197

Epoch 1619: New best validation AUC: 0.9198
Epoch: 1620, Loss: 0.4882, Val AUC: 0.9195, Test AUC: 0.9205

Epoch 1624: New best validation AUC: 0.9198

Epoch 1627: New best validation AUC: 0.9200
Epoch: 1630, Loss: 0.4886, Val AUC: 0.9198, Test AUC: 0.9208

Epoch 1632: New best validation AUC: 0.9200

Epoch 1634: New best validation AUC: 0.9201

Epoch 1637: New best validation AUC: 0.9201

Epoch 1640: New best validation AUC: 0.9203
Epoch: 1640, Loss: 0.4880, Val AUC: 0.9203, Test AUC: 0.9212

Epoch 1642: New best validation AUC: 0.9203

Epoch 1645: New best validation AUC: 0.9204

Epoch 1650: New best validation AUC: 0.9205
Epoch: 1650, Loss: 0.4881, Val AUC: 0.9205, Test AUC: 0.9214

Epoch 1655: New best validation AUC: 0.9206

Epoch 1660: New best validation AUC: 0.9206
Epoch: 1660, Loss: 0.4883, Val AUC: 0.9206, Test AUC: 0.9216

Epoch 1663: New best validation AUC: 0.9207

Epoch 1665: New best validation AUC: 0.9207

Epoch 1670: New best validation AUC: 0.9208
Epoch: 1670, Loss: 0.4877, Val AUC: 0.9208, Test AUC: 0.9217

Epoch 1675: New best validation AUC: 0.9208

Epoch 1680: New best validation AUC: 0.9209
Epoch: 1680, Loss: 0.4883, Val AUC: 0.9209, Test AUC: 0.9219
Epoch: 1690, Loss: 0.4880, Val AUC: 0.9209, Test AUC: 0.9219

Epoch 1694: New best validation AUC: 0.9209

Epoch 1697: New best validation AUC: 0.9211
Epoch: 1700, Loss: 0.4872, Val AUC: 0.9208, Test AUC: 0.9218

Epoch 1707: New best validation AUC: 0.9211
Epoch: 1710, Loss: 0.4870, Val AUC: 0.9211, Test AUC: 0.9220

Epoch 1712: New best validation AUC: 0.9211

Epoch 1715: New best validation AUC: 0.9212

Epoch 1717: New best validation AUC: 0.9212
Epoch: 1720, Loss: 0.4867, Val AUC: 0.9210, Test AUC: 0.9219

Epoch 1722: New best validation AUC: 0.9213

Epoch 1724: New best validation AUC: 0.9213

Epoch 1729: New best validation AUC: 0.9213
Epoch: 1730, Loss: 0.4876, Val AUC: 0.9207, Test AUC: 0.9217

Epoch 1739: New best validation AUC: 0.9214
Epoch: 1740, Loss: 0.4877, Val AUC: 0.9206, Test AUC: 0.9216

Epoch 1744: New best validation AUC: 0.9214
Epoch: 1750, Loss: 0.4869, Val AUC: 0.9211, Test AUC: 0.9221

Epoch 1759: New best validation AUC: 0.9214
Epoch: 1760, Loss: 0.4867, Val AUC: 0.9211, Test AUC: 0.9221

Epoch 1764: New best validation AUC: 0.9215

Epoch 1769: New best validation AUC: 0.9215
Epoch: 1770, Loss: 0.4875, Val AUC: 0.9209, Test AUC: 0.9219

Epoch 1779: New best validation AUC: 0.9216
Epoch: 1780, Loss: 0.4873, Val AUC: 0.9208, Test AUC: 0.9218
Epoch: 1790, Loss: 0.4872, Val AUC: 0.9213, Test AUC: 0.9223
Epoch: 1800, Loss: 0.4870, Val AUC: 0.9214, Test AUC: 0.9223

Epoch 1806: New best validation AUC: 0.9216

Epoch 1808: New best validation AUC: 0.9216

Epoch 1810: New best validation AUC: 0.9217
Epoch: 1810, Loss: 0.4874, Val AUC: 0.9217, Test AUC: 0.9226

Epoch 1813: New best validation AUC: 0.9217
Epoch: 1820, Loss: 0.4871, Val AUC: 0.9214, Test AUC: 0.9225

Epoch 1829: New best validation AUC: 0.9217
Epoch: 1830, Loss: 0.4872, Val AUC: 0.9211, Test AUC: 0.9221

Epoch 1839: New best validation AUC: 0.9217
Epoch: 1840, Loss: 0.4876, Val AUC: 0.9205, Test AUC: 0.9216

Epoch 1846: New best validation AUC: 0.9217
Epoch: 1850, Loss: 0.4870, Val AUC: 0.9213, Test AUC: 0.9223
Epoch: 1860, Loss: 0.4865, Val AUC: 0.9216, Test AUC: 0.9226
Epoch: 1870, Loss: 0.4877, Val AUC: 0.9212, Test AUC: 0.9223

Epoch 1878: New best validation AUC: 0.9217
Epoch: 1880, Loss: 0.4877, Val AUC: 0.9217, Test AUC: 0.9227

Epoch 1885: New best validation AUC: 0.9218
Epoch: 1890, Loss: 0.4871, Val AUC: 0.9218, Test AUC: 0.9227
Epoch: 1900, Loss: 0.4859, Val AUC: 0.9214, Test AUC: 0.9225
Epoch: 1910, Loss: 0.4870, Val AUC: 0.9209, Test AUC: 0.9220

Epoch 1916: New best validation AUC: 0.9218
Epoch: 1920, Loss: 0.4870, Val AUC: 0.9213, Test AUC: 0.9223

Epoch 1929: New best validation AUC: 0.9218
Epoch: 1930, Loss: 0.4874, Val AUC: 0.9209, Test AUC: 0.9219

Epoch 1936: New best validation AUC: 0.9218
Epoch: 1940, Loss: 0.4868, Val AUC: 0.9212, Test AUC: 0.9222
Epoch: 1950, Loss: 0.4866, Val AUC: 0.9216, Test AUC: 0.9227

Epoch 1953: New best validation AUC: 0.9219

Epoch 1960: New best validation AUC: 0.9219
Epoch: 1960, Loss: 0.4874, Val AUC: 0.9219, Test AUC: 0.9229
Epoch: 1970, Loss: 0.4870, Val AUC: 0.9216, Test AUC: 0.9227
Epoch: 1980, Loss: 0.4865, Val AUC: 0.9212, Test AUC: 0.9223

Epoch 1981: New best validation AUC: 0.9219
Epoch: 1990, Loss: 0.4865, Val AUC: 0.9218, Test AUC: 0.9229
Epoch: 2000, Loss: 0.4868, Val AUC: 0.9219, Test AUC: 0.9229
Epoch: 2010, Loss: 0.4865, Val AUC: 0.9217, Test AUC: 0.9228

Epoch 2020: New best validation AUC: 0.9219
Epoch: 2020, Loss: 0.4860, Val AUC: 0.9219, Test AUC: 0.9230
Epoch: 2030, Loss: 0.4863, Val AUC: 0.9214, Test AUC: 0.9226

Epoch 2034: New best validation AUC: 0.9220

Epoch 2036: New best validation AUC: 0.9220
Epoch: 2040, Loss: 0.4862, Val AUC: 0.9218, Test AUC: 0.9229
Epoch: 2050, Loss: 0.4861, Val AUC: 0.9219, Test AUC: 0.9230
Epoch: 2060, Loss: 0.4867, Val AUC: 0.9219, Test AUC: 0.9230
Epoch: 2070, Loss: 0.4853, Val AUC: 0.9217, Test AUC: 0.9228

Epoch 2076: New best validation AUC: 0.9220
Epoch: 2080, Loss: 0.4861, Val AUC: 0.9215, Test AUC: 0.9227
Epoch: 2090, Loss: 0.4862, Val AUC: 0.9215, Test AUC: 0.9226

Epoch 2091: New best validation AUC: 0.9220

Epoch 2098: New best validation AUC: 0.9221
Epoch: 2100, Loss: 0.4864, Val AUC: 0.9220, Test AUC: 0.9230
Epoch: 2110, Loss: 0.4871, Val AUC: 0.9213, Test AUC: 0.9224

Epoch 2114: New best validation AUC: 0.9221
Epoch: 2120, Loss: 0.4864, Val AUC: 0.9208, Test AUC: 0.9220

Epoch 2121: New best validation AUC: 0.9221
Epoch: 2130, Loss: 0.4859, Val AUC: 0.9218, Test AUC: 0.9229
Epoch: 2140, Loss: 0.4861, Val AUC: 0.9217, Test AUC: 0.9228
Epoch: 2150, Loss: 0.4860, Val AUC: 0.9220, Test AUC: 0.9231

Epoch 2152: New best validation AUC: 0.9221

Epoch 2154: New best validation AUC: 0.9221
Epoch: 2160, Loss: 0.4854, Val AUC: 0.9217, Test AUC: 0.9228

Epoch 2164: New best validation AUC: 0.9222
Epoch: 2170, Loss: 0.4866, Val AUC: 0.9219, Test AUC: 0.9229
Epoch: 2180, Loss: 0.4861, Val AUC: 0.9220, Test AUC: 0.9231

Epoch 2187: New best validation AUC: 0.9222
Epoch: 2190, Loss: 0.4863, Val AUC: 0.9217, Test AUC: 0.9228

Epoch 2199: New best validation AUC: 0.9222
Epoch: 2200, Loss: 0.4861, Val AUC: 0.9212, Test AUC: 0.9224
Epoch: 2210, Loss: 0.4875, Val AUC: 0.9222, Test AUC: 0.9233
Epoch: 2220, Loss: 0.4864, Val AUC: 0.9218, Test AUC: 0.9229

Epoch 2225: New best validation AUC: 0.9222

Epoch 2230: New best validation AUC: 0.9222
Epoch: 2230, Loss: 0.4865, Val AUC: 0.9222, Test AUC: 0.9233
Epoch: 2240, Loss: 0.4867, Val AUC: 0.9222, Test AUC: 0.9233

Epoch 2245: New best validation AUC: 0.9223
Epoch: 2250, Loss: 0.4863, Val AUC: 0.9215, Test AUC: 0.9227

Epoch 2251: New best validation AUC: 0.9223

Epoch 2260: New best validation AUC: 0.9223
Epoch: 2260, Loss: 0.4868, Val AUC: 0.9223, Test AUC: 0.9233

Epoch 2269: New best validation AUC: 0.9223
Epoch: 2270, Loss: 0.4856, Val AUC: 0.9215, Test AUC: 0.9226

Epoch 2273: New best validation AUC: 0.9224
Epoch: 2280, Loss: 0.4854, Val AUC: 0.9224, Test AUC: 0.9234

Epoch 2290: New best validation AUC: 0.9224
Epoch: 2290, Loss: 0.4864, Val AUC: 0.9224, Test AUC: 0.9235
Epoch: 2300, Loss: 0.4861, Val AUC: 0.9216, Test AUC: 0.9228

Epoch 2308: New best validation AUC: 0.9224
Epoch: 2310, Loss: 0.4863, Val AUC: 0.9223, Test AUC: 0.9232
Epoch: 2320, Loss: 0.4861, Val AUC: 0.9216, Test AUC: 0.9228

Epoch 2324: New best validation AUC: 0.9224
Epoch: 2330, Loss: 0.4862, Val AUC: 0.9222, Test AUC: 0.9233

Epoch 2333: New best validation AUC: 0.9224
Epoch: 2340, Loss: 0.4865, Val AUC: 0.9222, Test AUC: 0.9234

Epoch 2350: New best validation AUC: 0.9224
Epoch: 2350, Loss: 0.4868, Val AUC: 0.9224, Test AUC: 0.9235

Epoch 2355: New best validation AUC: 0.9225
Epoch: 2360, Loss: 0.4852, Val AUC: 0.9223, Test AUC: 0.9234

Epoch 2362: New best validation AUC: 0.9225
Epoch: 2370, Loss: 0.4859, Val AUC: 0.9219, Test AUC: 0.9230

Epoch 2378: New best validation AUC: 0.9225

Epoch 2380: New best validation AUC: 0.9225
Epoch: 2380, Loss: 0.4863, Val AUC: 0.9225, Test AUC: 0.9236

Epoch 2382: New best validation AUC: 0.9225
Epoch: 2390, Loss: 0.4860, Val AUC: 0.9224, Test AUC: 0.9235

Epoch 2397: New best validation AUC: 0.9225
Epoch: 2400, Loss: 0.4853, Val AUC: 0.9219, Test AUC: 0.9230
Epoch: 2410, Loss: 0.4860, Val AUC: 0.9219, Test AUC: 0.9231
Epoch: 2420, Loss: 0.4864, Val AUC: 0.9219, Test AUC: 0.9231

Epoch 2421: New best validation AUC: 0.9225

Epoch 2425: New best validation AUC: 0.9225

Epoch 2429: New best validation AUC: 0.9226
Epoch: 2430, Loss: 0.4859, Val AUC: 0.9217, Test AUC: 0.9228

Epoch 2431: New best validation AUC: 0.9226

Epoch 2438: New best validation AUC: 0.9226
Epoch: 2440, Loss: 0.4859, Val AUC: 0.9225, Test AUC: 0.9236
Epoch: 2450, Loss: 0.4858, Val AUC: 0.9225, Test AUC: 0.9236
Epoch: 2460, Loss: 0.4865, Val AUC: 0.9215, Test AUC: 0.9227

Epoch 2461: New best validation AUC: 0.9226
Epoch: 2470, Loss: 0.4857, Val AUC: 0.9225, Test AUC: 0.9236

Epoch 2477: New best validation AUC: 0.9226
Epoch: 2480, Loss: 0.4864, Val AUC: 0.9217, Test AUC: 0.9228
Epoch: 2490, Loss: 0.4862, Val AUC: 0.9217, Test AUC: 0.9229

Epoch 2493: New best validation AUC: 0.9226
Epoch: 2500, Loss: 0.4863, Val AUC: 0.9226, Test AUC: 0.9237

Epoch 2510: New best validation AUC: 0.9227
Epoch: 2510, Loss: 0.4857, Val AUC: 0.9227, Test AUC: 0.9238
Epoch: 2520, Loss: 0.4861, Val AUC: 0.9218, Test AUC: 0.9230
Epoch: 2530, Loss: 0.4858, Val AUC: 0.9226, Test AUC: 0.9238
Epoch: 2540, Loss: 0.4860, Val AUC: 0.9224, Test AUC: 0.9236
Epoch: 2550, Loss: 0.4857, Val AUC: 0.9219, Test AUC: 0.9231
Epoch: 2560, Loss: 0.4857, Val AUC: 0.9224, Test AUC: 0.9236
Epoch: 2570, Loss: 0.4876, Val AUC: 0.9225, Test AUC: 0.9235

Epoch 2577: New best validation AUC: 0.9227
Epoch: 2580, Loss: 0.4854, Val AUC: 0.9225, Test AUC: 0.9236
Epoch: 2590, Loss: 0.4856, Val AUC: 0.9221, Test AUC: 0.9233

Epoch 2595: New best validation AUC: 0.9227
Epoch: 2600, Loss: 0.4864, Val AUC: 0.9227, Test AUC: 0.9238
Epoch: 2610, Loss: 0.4864, Val AUC: 0.9227, Test AUC: 0.9237
Epoch: 2620, Loss: 0.4860, Val AUC: 0.9226, Test AUC: 0.9238
Epoch: 2630, Loss: 0.4864, Val AUC: 0.9225, Test AUC: 0.9236

Epoch 2640: New best validation AUC: 0.9228
Epoch: 2640, Loss: 0.4852, Val AUC: 0.9228, Test AUC: 0.9238

Epoch 2642: New best validation AUC: 0.9228

Epoch 2644: New best validation AUC: 0.9228
Epoch: 2650, Loss: 0.4859, Val AUC: 0.9224, Test AUC: 0.9236

Epoch 2659: New best validation AUC: 0.9228
Epoch: 2660, Loss: 0.4865, Val AUC: 0.9211, Test AUC: 0.9222

Epoch 2665: New best validation AUC: 0.9229
Epoch: 2670, Loss: 0.4854, Val AUC: 0.9228, Test AUC: 0.9239
Epoch: 2680, Loss: 0.4853, Val AUC: 0.9225, Test AUC: 0.9236
Epoch: 2690, Loss: 0.4856, Val AUC: 0.9223, Test AUC: 0.9234
Epoch: 2700, Loss: 0.4852, Val AUC: 0.9224, Test AUC: 0.9236
Epoch: 2710, Loss: 0.4861, Val AUC: 0.9227, Test AUC: 0.9238
Epoch: 2720, Loss: 0.4856, Val AUC: 0.9225, Test AUC: 0.9236
Epoch: 2730, Loss: 0.4860, Val AUC: 0.9228, Test AUC: 0.9239

Epoch 2740: New best validation AUC: 0.9229
Epoch: 2740, Loss: 0.4860, Val AUC: 0.9229, Test AUC: 0.9240

Epoch 2742: New best validation AUC: 0.9229
Epoch: 2750, Loss: 0.4883, Val AUC: 0.9222, Test AUC: 0.9232
Epoch: 2760, Loss: 0.4860, Val AUC: 0.9222, Test AUC: 0.9234
Epoch: 2770, Loss: 0.4856, Val AUC: 0.9224, Test AUC: 0.9236

Epoch 2775: New best validation AUC: 0.9229
Epoch: 2780, Loss: 0.4858, Val AUC: 0.9226, Test AUC: 0.9237

Epoch 2789: New best validation AUC: 0.9229
Epoch: 2790, Loss: 0.4844, Val AUC: 0.9224, Test AUC: 0.9235

Epoch 2796: New best validation AUC: 0.9230
Epoch: 2800, Loss: 0.4854, Val AUC: 0.9229, Test AUC: 0.9240
Epoch: 2810, Loss: 0.4859, Val AUC: 0.9228, Test AUC: 0.9239

Epoch 2813: New best validation AUC: 0.9230

Epoch 2818: New best validation AUC: 0.9230

Epoch 2820: New best validation AUC: 0.9230
Epoch: 2820, Loss: 0.4867, Val AUC: 0.9230, Test AUC: 0.9241
Epoch: 2830, Loss: 0.4864, Val AUC: 0.9223, Test AUC: 0.9234
Epoch: 2840, Loss: 0.4849, Val AUC: 0.9230, Test AUC: 0.9241
Epoch: 2850, Loss: 0.4858, Val AUC: 0.9229, Test AUC: 0.9240
Epoch: 2860, Loss: 0.4854, Val AUC: 0.9229, Test AUC: 0.9240

Epoch 2869: New best validation AUC: 0.9230
Epoch: 2870, Loss: 0.4854, Val AUC: 0.9224, Test AUC: 0.9236

Epoch 2871: New best validation AUC: 0.9231

Epoch 2873: New best validation AUC: 0.9231
Epoch: 2880, Loss: 0.4854, Val AUC: 0.9222, Test AUC: 0.9233

Epoch 2883: New best validation AUC: 0.9231
Epoch: 2890, Loss: 0.4860, Val AUC: 0.9220, Test AUC: 0.9232
Epoch: 2900, Loss: 0.4870, Val AUC: 0.9228, Test AUC: 0.9238
Epoch: 2910, Loss: 0.4857, Val AUC: 0.9223, Test AUC: 0.9235
Epoch: 2920, Loss: 0.4848, Val AUC: 0.9227, Test AUC: 0.9238
Epoch: 2930, Loss: 0.4863, Val AUC: 0.9231, Test AUC: 0.9242

Epoch 2939: New best validation AUC: 0.9231
Epoch: 2940, Loss: 0.4855, Val AUC: 0.9224, Test AUC: 0.9236

Epoch 2948: New best validation AUC: 0.9232
Epoch: 2950, Loss: 0.4859, Val AUC: 0.9231, Test AUC: 0.9242
Epoch: 2960, Loss: 0.4848, Val AUC: 0.9226, Test AUC: 0.9238

Epoch 2963: New best validation AUC: 0.9232
Epoch: 2970, Loss: 0.4855, Val AUC: 0.9229, Test AUC: 0.9240

Epoch 2974: New best validation AUC: 0.9232

Epoch 2976: New best validation AUC: 0.9232
Epoch: 2980, Loss: 0.4867, Val AUC: 0.9231, Test AUC: 0.9242

Epoch 2989: New best validation AUC: 0.9232
Epoch: 2990, Loss: 0.4854, Val AUC: 0.9223, Test AUC: 0.9235
Epoch: 3000, Loss: 0.4869, Val AUC: 0.9226, Test AUC: 0.9236
Epoch: 3010, Loss: 0.4861, Val AUC: 0.9224, Test AUC: 0.9236

Epoch 3014: New best validation AUC: 0.9232
Epoch: 3020, Loss: 0.4854, Val AUC: 0.9231, Test AUC: 0.9242

Epoch 3023: New best validation AUC: 0.9232
Epoch: 3030, Loss: 0.4853, Val AUC: 0.9232, Test AUC: 0.9243
Epoch: 3040, Loss: 0.4854, Val AUC: 0.9229, Test AUC: 0.9240

Epoch 3044: New best validation AUC: 0.9232

Epoch 3048: New best validation AUC: 0.9233
Epoch: 3050, Loss: 0.4860, Val AUC: 0.9231, Test AUC: 0.9241

Epoch 3057: New best validation AUC: 0.9233
Epoch: 3060, Loss: 0.4854, Val AUC: 0.9233, Test AUC: 0.9244

Epoch 3067: New best validation AUC: 0.9233
Epoch: 3070, Loss: 0.4851, Val AUC: 0.9233, Test AUC: 0.9243

Epoch 3074: New best validation AUC: 0.9233
Epoch: 3080, Loss: 0.4854, Val AUC: 0.9232, Test AUC: 0.9243

Epoch 3085: New best validation AUC: 0.9233
Epoch: 3090, Loss: 0.4858, Val AUC: 0.9232, Test AUC: 0.9243

Epoch 3094: New best validation AUC: 0.9233
Epoch: 3100, Loss: 0.4858, Val AUC: 0.9230, Test AUC: 0.9242

Epoch 3103: New best validation AUC: 0.9234
Epoch: 3110, Loss: 0.4848, Val AUC: 0.9232, Test AUC: 0.9243

Epoch 3112: New best validation AUC: 0.9234
Epoch: 3120, Loss: 0.4853, Val AUC: 0.9229, Test AUC: 0.9240
Epoch: 3130, Loss: 0.4852, Val AUC: 0.9232, Test AUC: 0.9243
Epoch: 3140, Loss: 0.4861, Val AUC: 0.9224, Test AUC: 0.9235
Epoch: 3150, Loss: 0.4854, Val AUC: 0.9233, Test AUC: 0.9244

Epoch 3153: New best validation AUC: 0.9234
Epoch: 3160, Loss: 0.4853, Val AUC: 0.9233, Test AUC: 0.9244
Epoch: 3170, Loss: 0.4860, Val AUC: 0.9222, Test AUC: 0.9234

Epoch 3178: New best validation AUC: 0.9235
Epoch: 3180, Loss: 0.4857, Val AUC: 0.9234, Test AUC: 0.9244

Epoch 3182: New best validation AUC: 0.9235
Epoch: 3190, Loss: 0.4851, Val AUC: 0.9229, Test AUC: 0.9241
Epoch: 3200, Loss: 0.4850, Val AUC: 0.9233, Test AUC: 0.9244

Epoch 3205: New best validation AUC: 0.9235
Epoch: 3210, Loss: 0.4853, Val AUC: 0.9230, Test AUC: 0.9241

Epoch 3219: New best validation AUC: 0.9235
Epoch: 3220, Loss: 0.4858, Val AUC: 0.9222, Test AUC: 0.9234

Epoch 3228: New best validation AUC: 0.9235
Epoch: 3230, Loss: 0.4858, Val AUC: 0.9232, Test AUC: 0.9242
Epoch: 3240, Loss: 0.4860, Val AUC: 0.9226, Test AUC: 0.9238
Epoch: 3250, Loss: 0.4855, Val AUC: 0.9229, Test AUC: 0.9240
Epoch: 3260, Loss: 0.4853, Val AUC: 0.9233, Test AUC: 0.9244
Epoch: 3270, Loss: 0.4843, Val AUC: 0.9234, Test AUC: 0.9245

Epoch 3280: New best validation AUC: 0.9236
Epoch: 3280, Loss: 0.4855, Val AUC: 0.9236, Test AUC: 0.9246

Epoch 3282: New best validation AUC: 0.9236
Epoch: 3290, Loss: 0.4860, Val AUC: 0.9223, Test AUC: 0.9235

Epoch 3293: New best validation AUC: 0.9236
Epoch: 3300, Loss: 0.4856, Val AUC: 0.9235, Test AUC: 0.9245

Epoch 3307: New best validation AUC: 0.9236
Epoch: 3310, Loss: 0.4850, Val AUC: 0.9236, Test AUC: 0.9246

Epoch 3319: New best validation AUC: 0.9236
Epoch: 3320, Loss: 0.4849, Val AUC: 0.9232, Test AUC: 0.9243

Epoch 3326: New best validation AUC: 0.9237
Epoch: 3330, Loss: 0.4848, Val AUC: 0.9232, Test AUC: 0.9243

Epoch 3339: New best validation AUC: 0.9237
Epoch: 3340, Loss: 0.4853, Val AUC: 0.9230, Test AUC: 0.9241

Epoch 3348: New best validation AUC: 0.9237
Epoch: 3350, Loss: 0.4850, Val AUC: 0.9236, Test AUC: 0.9247

Epoch 3359: New best validation AUC: 0.9237
Epoch: 3360, Loss: 0.4849, Val AUC: 0.9233, Test AUC: 0.9245

Epoch 3362: New best validation AUC: 0.9237
Epoch: 3370, Loss: 0.4847, Val AUC: 0.9229, Test AUC: 0.9241

Epoch 3371: New best validation AUC: 0.9237
Epoch: 3380, Loss: 0.4859, Val AUC: 0.9236, Test AUC: 0.9247
Epoch: 3390, Loss: 0.4850, Val AUC: 0.9235, Test AUC: 0.9246

Epoch 3397: New best validation AUC: 0.9237
Epoch: 3400, Loss: 0.4843, Val AUC: 0.9236, Test AUC: 0.9247

Epoch 3404: New best validation AUC: 0.9238
Epoch: 3410, Loss: 0.4855, Val AUC: 0.9238, Test AUC: 0.9248

Epoch 3415: New best validation AUC: 0.9238
Epoch: 3420, Loss: 0.4854, Val AUC: 0.9228, Test AUC: 0.9240

Epoch 3424: New best validation AUC: 0.9238

Epoch 3430: New best validation AUC: 0.9238
Epoch: 3430, Loss: 0.4850, Val AUC: 0.9238, Test AUC: 0.9248
Epoch: 3440, Loss: 0.4854, Val AUC: 0.9232, Test AUC: 0.9244

Epoch 3446: New best validation AUC: 0.9238

Epoch 3450: New best validation AUC: 0.9238
Epoch: 3450, Loss: 0.4858, Val AUC: 0.9238, Test AUC: 0.9249
Epoch: 3460, Loss: 0.4858, Val AUC: 0.9234, Test AUC: 0.9245

Epoch 3461: New best validation AUC: 0.9238
Epoch: 3470, Loss: 0.4867, Val AUC: 0.9237, Test AUC: 0.9248

Epoch 3473: New best validation AUC: 0.9239

Epoch 3480: New best validation AUC: 0.9239
Epoch: 3480, Loss: 0.4856, Val AUC: 0.9239, Test AUC: 0.9249

Epoch 3486: New best validation AUC: 0.9239
Epoch: 3490, Loss: 0.4844, Val AUC: 0.9233, Test AUC: 0.9244

Epoch 3491: New best validation AUC: 0.9239

Epoch 3497: New best validation AUC: 0.9239

Epoch 3499: New best validation AUC: 0.9239
Epoch: 3500, Loss: 0.4842, Val AUC: 0.9235, Test AUC: 0.9247

Epoch 3508: New best validation AUC: 0.9239
Epoch: 3510, Loss: 0.4851, Val AUC: 0.9239, Test AUC: 0.9249
Epoch: 3520, Loss: 0.4849, Val AUC: 0.9231, Test AUC: 0.9243

Epoch 3521: New best validation AUC: 0.9239
Epoch: 3530, Loss: 0.4846, Val AUC: 0.9237, Test AUC: 0.9248

Epoch 3535: New best validation AUC: 0.9239
Epoch: 3540, Loss: 0.4855, Val AUC: 0.9234, Test AUC: 0.9245

Epoch 3544: New best validation AUC: 0.9240
Epoch: 3550, Loss: 0.4854, Val AUC: 0.9238, Test AUC: 0.9248
Epoch: 3560, Loss: 0.4847, Val AUC: 0.9231, Test AUC: 0.9243
Epoch: 3570, Loss: 0.4848, Val AUC: 0.9239, Test AUC: 0.9249

Epoch 3579: New best validation AUC: 0.9240
Epoch: 3580, Loss: 0.4852, Val AUC: 0.9235, Test AUC: 0.9246

Epoch 3588: New best validation AUC: 0.9240
Epoch: 3590, Loss: 0.4849, Val AUC: 0.9239, Test AUC: 0.9250

Epoch 3592: New best validation AUC: 0.9240

Epoch 3596: New best validation AUC: 0.9240
Epoch: 3600, Loss: 0.4853, Val AUC: 0.9238, Test AUC: 0.9249

Epoch 3608: New best validation AUC: 0.9240

Epoch 3610: New best validation AUC: 0.9240
Epoch: 3610, Loss: 0.4848, Val AUC: 0.9240, Test AUC: 0.9251

Epoch 3612: New best validation AUC: 0.9241

Epoch 3614: New best validation AUC: 0.9241
Epoch: 3620, Loss: 0.4853, Val AUC: 0.9240, Test AUC: 0.9250
Epoch: 3630, Loss: 0.4849, Val AUC: 0.9235, Test AUC: 0.9247
Epoch: 3640, Loss: 0.4848, Val AUC: 0.9241, Test AUC: 0.9251

Epoch 3642: New best validation AUC: 0.9241
Epoch: 3650, Loss: 0.4863, Val AUC: 0.9217, Test AUC: 0.9228
Epoch: 3660, Loss: 0.4860, Val AUC: 0.9235, Test AUC: 0.9245
Epoch: 3670, Loss: 0.4847, Val AUC: 0.9236, Test AUC: 0.9248
Epoch: 3680, Loss: 0.4851, Val AUC: 0.9235, Test AUC: 0.9247

Epoch 3688: New best validation AUC: 0.9241
Epoch: 3690, Loss: 0.4854, Val AUC: 0.9241, Test AUC: 0.9251
Epoch: 3700, Loss: 0.4849, Val AUC: 0.9238, Test AUC: 0.9249

Epoch 3708: New best validation AUC: 0.9242

Epoch 3710: New best validation AUC: 0.9242
Epoch: 3710, Loss: 0.4843, Val AUC: 0.9242, Test AUC: 0.9252

Epoch 3717: New best validation AUC: 0.9242
Epoch: 3720, Loss: 0.4852, Val AUC: 0.9235, Test AUC: 0.9246

Epoch 3721: New best validation AUC: 0.9242
Epoch: 3730, Loss: 0.4859, Val AUC: 0.9242, Test AUC: 0.9252

Epoch 3737: New best validation AUC: 0.9242

Epoch 3739: New best validation AUC: 0.9243
Epoch: 3740, Loss: 0.4856, Val AUC: 0.9238, Test AUC: 0.9249
Epoch: 3750, Loss: 0.4851, Val AUC: 0.9234, Test AUC: 0.9245

Epoch 3751: New best validation AUC: 0.9243
Epoch: 3760, Loss: 0.4838, Val AUC: 0.9242, Test AUC: 0.9253

Epoch 3766: New best validation AUC: 0.9243
Epoch: 3770, Loss: 0.4855, Val AUC: 0.9227, Test AUC: 0.9239
Epoch: 3780, Loss: 0.4861, Val AUC: 0.9238, Test AUC: 0.9247
Epoch: 3790, Loss: 0.4851, Val AUC: 0.9239, Test AUC: 0.9251
Epoch: 3800, Loss: 0.4846, Val AUC: 0.9240, Test AUC: 0.9251

Epoch 3808: New best validation AUC: 0.9243
Epoch: 3810, Loss: 0.4849, Val AUC: 0.9243, Test AUC: 0.9253

Epoch 3815: New best validation AUC: 0.9243

Epoch 3817: New best validation AUC: 0.9243

Epoch 3819: New best validation AUC: 0.9243
Epoch: 3820, Loss: 0.4842, Val AUC: 0.9239, Test AUC: 0.9250
Epoch: 3830, Loss: 0.4844, Val AUC: 0.9242, Test AUC: 0.9253

Epoch 3838: New best validation AUC: 0.9244
Epoch: 3840, Loss: 0.4846, Val AUC: 0.9244, Test AUC: 0.9254

Epoch 3844: New best validation AUC: 0.9244
Epoch: 3850, Loss: 0.4858, Val AUC: 0.9244, Test AUC: 0.9253
Epoch: 3860, Loss: 0.4844, Val AUC: 0.9240, Test AUC: 0.9251

Epoch 3861: New best validation AUC: 0.9244

Epoch 3867: New best validation AUC: 0.9244
Epoch: 3870, Loss: 0.4854, Val AUC: 0.9238, Test AUC: 0.9250

Epoch 3871: New best validation AUC: 0.9244

Epoch 3875: New best validation AUC: 0.9244

Epoch 3880: New best validation AUC: 0.9245
Epoch: 3880, Loss: 0.4843, Val AUC: 0.9245, Test AUC: 0.9255
Epoch: 3890, Loss: 0.4842, Val AUC: 0.9242, Test AUC: 0.9253
Epoch: 3900, Loss: 0.4846, Val AUC: 0.9237, Test AUC: 0.9248
Epoch: 3910, Loss: 0.4841, Val AUC: 0.9244, Test AUC: 0.9255
Epoch: 3920, Loss: 0.4853, Val AUC: 0.9241, Test AUC: 0.9252

Epoch 3924: New best validation AUC: 0.9245
Epoch: 3930, Loss: 0.4856, Val AUC: 0.9245, Test AUC: 0.9255
Epoch: 3940, Loss: 0.4848, Val AUC: 0.9235, Test AUC: 0.9246

Epoch 3946: New best validation AUC: 0.9245
Epoch: 3950, Loss: 0.4855, Val AUC: 0.9244, Test AUC: 0.9253
Epoch: 3960, Loss: 0.4863, Val AUC: 0.9232, Test AUC: 0.9244

Epoch 3961: New best validation AUC: 0.9245
Epoch: 3970, Loss: 0.4850, Val AUC: 0.9242, Test AUC: 0.9253

Epoch 3971: New best validation AUC: 0.9245

Epoch 3975: New best validation AUC: 0.9246
Epoch: 3980, Loss: 0.4849, Val AUC: 0.9242, Test AUC: 0.9253

Epoch 3987: New best validation AUC: 0.9246
Epoch: 3990, Loss: 0.4846, Val AUC: 0.9245, Test AUC: 0.9255

Epoch 3994: New best validation AUC: 0.9246

Epoch 3996: New best validation AUC: 0.9246
Epoch: 4000, Loss: 0.4841, Val AUC: 0.9245, Test AUC: 0.9256

Epoch 4003: New best validation AUC: 0.9246

Epoch 4009: New best validation AUC: 0.9246
Epoch: 4010, Loss: 0.4847, Val AUC: 0.9241, Test AUC: 0.9252

Epoch 4014: New best validation AUC: 0.9246
Epoch: 4020, Loss: 0.4857, Val AUC: 0.9246, Test AUC: 0.9256
Epoch: 4030, Loss: 0.4845, Val AUC: 0.9240, Test AUC: 0.9251
Epoch: 4040, Loss: 0.4844, Val AUC: 0.9245, Test AUC: 0.9256

Epoch 4042: New best validation AUC: 0.9247

Epoch 4044: New best validation AUC: 0.9247

Epoch 4046: New best validation AUC: 0.9247
Epoch: 4050, Loss: 0.4848, Val AUC: 0.9247, Test AUC: 0.9257

Epoch 4053: New best validation AUC: 0.9247

Epoch 4055: New best validation AUC: 0.9247
Epoch: 4060, Loss: 0.4841, Val AUC: 0.9245, Test AUC: 0.9255

Epoch 4062: New best validation AUC: 0.9247

Epoch 4070: New best validation AUC: 0.9247
Epoch: 4070, Loss: 0.4848, Val AUC: 0.9247, Test AUC: 0.9258
Epoch: 4080, Loss: 0.4860, Val AUC: 0.9225, Test AUC: 0.9236
Epoch: 4090, Loss: 0.4857, Val AUC: 0.9243, Test AUC: 0.9253
Epoch: 4100, Loss: 0.4842, Val AUC: 0.9247, Test AUC: 0.9257
Epoch: 4110, Loss: 0.4858, Val AUC: 0.9235, Test AUC: 0.9247
Epoch: 4120, Loss: 0.4846, Val AUC: 0.9241, Test AUC: 0.9252

Epoch 4121: New best validation AUC: 0.9247

Epoch 4123: New best validation AUC: 0.9247

Epoch 4128: New best validation AUC: 0.9248
Epoch: 4130, Loss: 0.4853, Val AUC: 0.9247, Test AUC: 0.9257

Epoch 4139: New best validation AUC: 0.9248
Epoch: 4140, Loss: 0.4846, Val AUC: 0.9244, Test AUC: 0.9254

Epoch 4148: New best validation AUC: 0.9248
Epoch: 4150, Loss: 0.4843, Val AUC: 0.9248, Test AUC: 0.9258

Epoch 4154: New best validation AUC: 0.9248

Epoch 4159: New best validation AUC: 0.9248
Epoch: 4160, Loss: 0.4847, Val AUC: 0.9242, Test AUC: 0.9253

Epoch 4161: New best validation AUC: 0.9249

Epoch 4168: New best validation AUC: 0.9249

Epoch 4170: New best validation AUC: 0.9249
Epoch: 4170, Loss: 0.4845, Val AUC: 0.9249, Test AUC: 0.9259

Epoch 4178: New best validation AUC: 0.9249
Epoch: 4180, Loss: 0.4844, Val AUC: 0.9248, Test AUC: 0.9258

Epoch 4184: New best validation AUC: 0.9249

Epoch 4186: New best validation AUC: 0.9249
Epoch: 4190, Loss: 0.4844, Val AUC: 0.9248, Test AUC: 0.9258

Epoch 4195: New best validation AUC: 0.9249

Epoch 4197: New best validation AUC: 0.9249
Epoch: 4200, Loss: 0.4853, Val AUC: 0.9240, Test AUC: 0.9251

Epoch 4203: New best validation AUC: 0.9250

Epoch 4208: New best validation AUC: 0.9250
Epoch: 4210, Loss: 0.4853, Val AUC: 0.9249, Test AUC: 0.9259
Epoch: 4220, Loss: 0.4843, Val AUC: 0.9249, Test AUC: 0.9259
Epoch: 4230, Loss: 0.4853, Val AUC: 0.9240, Test AUC: 0.9251

Epoch 4240: New best validation AUC: 0.9250
Epoch: 4240, Loss: 0.4844, Val AUC: 0.9250, Test AUC: 0.9260
Epoch: 4250, Loss: 0.4856, Val AUC: 0.9240, Test AUC: 0.9252

Epoch 4256: New best validation AUC: 0.9250

Epoch 4258: New best validation AUC: 0.9250
Epoch: 4260, Loss: 0.4849, Val AUC: 0.9250, Test AUC: 0.9260

Epoch 4263: New best validation AUC: 0.9250
Epoch: 4270, Loss: 0.4843, Val AUC: 0.9250, Test AUC: 0.9260
Epoch: 4280, Loss: 0.4845, Val AUC: 0.9246, Test AUC: 0.9256
Epoch: 4290, Loss: 0.4839, Val AUC: 0.9249, Test AUC: 0.9258
Epoch: 4300, Loss: 0.4845, Val AUC: 0.9242, Test AUC: 0.9254
Epoch: 4310, Loss: 0.4848, Val AUC: 0.9247, Test AUC: 0.9257

Epoch 4311: New best validation AUC: 0.9250

Epoch 4318: New best validation AUC: 0.9251

Epoch 4320: New best validation AUC: 0.9251
Epoch: 4320, Loss: 0.4841, Val AUC: 0.9251, Test AUC: 0.9261

Epoch 4322: New best validation AUC: 0.9251

Epoch 4324: New best validation AUC: 0.9251

Epoch 4328: New best validation AUC: 0.9251

Epoch 4330: New best validation AUC: 0.9251
Epoch: 4330, Loss: 0.4848, Val AUC: 0.9251, Test AUC: 0.9261

Epoch 4338: New best validation AUC: 0.9251
Epoch: 4340, Loss: 0.4842, Val AUC: 0.9249, Test AUC: 0.9259

Epoch 4341: New best validation AUC: 0.9251
Epoch: 4350, Loss: 0.4850, Val AUC: 0.9251, Test AUC: 0.9261

Epoch 4354: New best validation AUC: 0.9252

Epoch 4359: New best validation AUC: 0.9252
Epoch: 4360, Loss: 0.4846, Val AUC: 0.9241, Test AUC: 0.9253
Epoch: 4370, Loss: 0.4852, Val AUC: 0.9251, Test AUC: 0.9261

Epoch 4379: New best validation AUC: 0.9252
Epoch: 4380, Loss: 0.4848, Val AUC: 0.9250, Test AUC: 0.9260
Epoch: 4390, Loss: 0.4848, Val AUC: 0.9241, Test AUC: 0.9252
Epoch: 4400, Loss: 0.4850, Val AUC: 0.9252, Test AUC: 0.9261

Epoch 4402: New best validation AUC: 0.9252

Epoch 4405: New best validation AUC: 0.9252

Epoch 4407: New best validation AUC: 0.9252
Epoch: 4410, Loss: 0.4841, Val AUC: 0.9250, Test AUC: 0.9260
Epoch: 4420, Loss: 0.4845, Val AUC: 0.9249, Test AUC: 0.9259

Epoch 4421: New best validation AUC: 0.9252

Epoch 4423: New best validation AUC: 0.9253

Epoch 4429: New best validation AUC: 0.9253
Epoch: 4430, Loss: 0.4841, Val AUC: 0.9251, Test AUC: 0.9261

Epoch 4434: New best validation AUC: 0.9253
Epoch: 4440, Loss: 0.4841, Val AUC: 0.9253, Test AUC: 0.9262

Epoch 4449: New best validation AUC: 0.9253
Epoch: 4450, Loss: 0.4841, Val AUC: 0.9250, Test AUC: 0.9261
Epoch: 4460, Loss: 0.4841, Val AUC: 0.9251, Test AUC: 0.9262

Epoch 4461: New best validation AUC: 0.9253

Epoch 4467: New best validation AUC: 0.9253
Epoch: 4470, Loss: 0.4848, Val AUC: 0.9252, Test AUC: 0.9262

Epoch 4474: New best validation AUC: 0.9253

Epoch 4476: New best validation AUC: 0.9253
Epoch: 4480, Loss: 0.4840, Val AUC: 0.9253, Test AUC: 0.9263

Epoch 4485: New best validation AUC: 0.9253

Epoch 4487: New best validation AUC: 0.9254
Epoch: 4490, Loss: 0.4848, Val AUC: 0.9246, Test AUC: 0.9257

Epoch 4493: New best validation AUC: 0.9254

Epoch 4495: New best validation AUC: 0.9254

Epoch 4497: New best validation AUC: 0.9254

Epoch 4499: New best validation AUC: 0.9254
Epoch: 4500, Loss: 0.4844, Val AUC: 0.9250, Test AUC: 0.9260
Epoch: 4510, Loss: 0.4855, Val AUC: 0.9251, Test AUC: 0.9260
Epoch: 4520, Loss: 0.4840, Val AUC: 0.9249, Test AUC: 0.9260

Epoch 4527: New best validation AUC: 0.9254

Epoch 4529: New best validation AUC: 0.9254
Epoch: 4530, Loss: 0.4848, Val AUC: 0.9247, Test AUC: 0.9258

Epoch 4539: New best validation AUC: 0.9254
Epoch: 4540, Loss: 0.4844, Val AUC: 0.9253, Test AUC: 0.9263

Epoch 4546: New best validation AUC: 0.9254
Epoch: 4550, Loss: 0.4841, Val AUC: 0.9252, Test AUC: 0.9262

Epoch 4551: New best validation AUC: 0.9254
Epoch: 4560, Loss: 0.4849, Val AUC: 0.9244, Test AUC: 0.9255

Epoch 4561: New best validation AUC: 0.9255

Epoch 4566: New best validation AUC: 0.9255
Epoch: 4570, Loss: 0.4850, Val AUC: 0.9254, Test AUC: 0.9263
Epoch: 4580, Loss: 0.4855, Val AUC: 0.9228, Test AUC: 0.9239
Epoch: 4590, Loss: 0.4860, Val AUC: 0.9252, Test AUC: 0.9262
Epoch: 4600, Loss: 0.4844, Val AUC: 0.9255, Test AUC: 0.9264

Epoch 4607: New best validation AUC: 0.9255

Epoch 4609: New best validation AUC: 0.9255
Epoch: 4610, Loss: 0.4845, Val AUC: 0.9252, Test AUC: 0.9262

Epoch 4614: New best validation AUC: 0.9255

Epoch 4616: New best validation AUC: 0.9256
Epoch: 4620, Loss: 0.4841, Val AUC: 0.9253, Test AUC: 0.9264

Epoch 4624: New best validation AUC: 0.9256
Epoch: 4630, Loss: 0.4837, Val AUC: 0.9254, Test AUC: 0.9264

Epoch 4633: New best validation AUC: 0.9256

Epoch 4639: New best validation AUC: 0.9256
Epoch: 4640, Loss: 0.4842, Val AUC: 0.9253, Test AUC: 0.9263

Epoch 4641: New best validation AUC: 0.9256

Epoch 4650: New best validation AUC: 0.9257
Epoch: 4650, Loss: 0.4837, Val AUC: 0.9257, Test AUC: 0.9266
Epoch: 4660, Loss: 0.4839, Val AUC: 0.9256, Test AUC: 0.9266

Epoch 4665: New best validation AUC: 0.9257

Epoch 4669: New best validation AUC: 0.9257
Epoch: 4670, Loss: 0.4846, Val AUC: 0.9254, Test AUC: 0.9264

Epoch 4672: New best validation AUC: 0.9257

Epoch 4680: New best validation AUC: 0.9257
Epoch: 4680, Loss: 0.4843, Val AUC: 0.9257, Test AUC: 0.9266
Epoch: 4690, Loss: 0.4844, Val AUC: 0.9254, Test AUC: 0.9265

Epoch 4698: New best validation AUC: 0.9257

Epoch 4700: New best validation AUC: 0.9257
Epoch: 4700, Loss: 0.4838, Val AUC: 0.9257, Test AUC: 0.9267

Epoch 4702: New best validation AUC: 0.9257
Epoch: 4710, Loss: 0.4849, Val AUC: 0.9257, Test AUC: 0.9266
Epoch: 4720, Loss: 0.4859, Val AUC: 0.9255, Test AUC: 0.9264
Epoch: 4730, Loss: 0.4840, Val AUC: 0.9256, Test AUC: 0.9266
Epoch: 4740, Loss: 0.4844, Val AUC: 0.9250, Test AUC: 0.9260
Epoch: 4750, Loss: 0.4838, Val AUC: 0.9253, Test AUC: 0.9264

Epoch 4758: New best validation AUC: 0.9258
Epoch: 4760, Loss: 0.4845, Val AUC: 0.9257, Test AUC: 0.9267

Epoch 4764: New best validation AUC: 0.9258

Epoch 4769: New best validation AUC: 0.9258
Epoch: 4770, Loss: 0.4842, Val AUC: 0.9252, Test AUC: 0.9262

Epoch 4777: New best validation AUC: 0.9258

Epoch 4779: New best validation AUC: 0.9258
Epoch: 4780, Loss: 0.4845, Val AUC: 0.9255, Test AUC: 0.9265

Epoch 4789: New best validation AUC: 0.9258
Epoch: 4790, Loss: 0.4843, Val AUC: 0.9254, Test AUC: 0.9264

Epoch 4799: New best validation AUC: 0.9258
Epoch: 4800, Loss: 0.4839, Val AUC: 0.9252, Test AUC: 0.9262

Epoch 4810: New best validation AUC: 0.9258
Epoch: 4810, Loss: 0.4840, Val AUC: 0.9258, Test AUC: 0.9268

Epoch 4814: New best validation AUC: 0.9259
Epoch: 4820, Loss: 0.4839, Val AUC: 0.9251, Test AUC: 0.9262

Epoch 4829: New best validation AUC: 0.9259
Epoch: 4830, Loss: 0.4838, Val AUC: 0.9257, Test AUC: 0.9267

Epoch 4839: New best validation AUC: 0.9259
Epoch: 4840, Loss: 0.4839, Val AUC: 0.9251, Test AUC: 0.9262

Epoch 4847: New best validation AUC: 0.9259
Epoch: 4850, Loss: 0.4828, Val AUC: 0.9257, Test AUC: 0.9267

Epoch 4853: New best validation AUC: 0.9259
Epoch: 4860, Loss: 0.4842, Val AUC: 0.9259, Test AUC: 0.9268
Epoch: 4870, Loss: 0.4847, Val AUC: 0.9258, Test AUC: 0.9268
Epoch: 4880, Loss: 0.4840, Val AUC: 0.9255, Test AUC: 0.9266
Epoch: 4890, Loss: 0.4836, Val AUC: 0.9250, Test AUC: 0.9261

Epoch 4898: New best validation AUC: 0.9259
Epoch: 4900, Loss: 0.4842, Val AUC: 0.9257, Test AUC: 0.9266
Epoch: 4910, Loss: 0.4840, Val AUC: 0.9255, Test AUC: 0.9265
Epoch: 4920, Loss: 0.4846, Val AUC: 0.9246, Test AUC: 0.9257

Epoch 4923: New best validation AUC: 0.9259

Epoch 4926: New best validation AUC: 0.9260

Epoch 4928: New best validation AUC: 0.9260
Epoch: 4930, Loss: 0.4843, Val AUC: 0.9260, Test AUC: 0.9270
Epoch: 4940, Loss: 0.4841, Val AUC: 0.9259, Test AUC: 0.9269

Epoch 4942: New best validation AUC: 0.9261

Epoch 4949: New best validation AUC: 0.9261
Epoch: 4950, Loss: 0.4841, Val AUC: 0.9256, Test AUC: 0.9266
Epoch: 4960, Loss: 0.4840, Val AUC: 0.9261, Test AUC: 0.9270
Epoch: 4970, Loss: 0.4838, Val AUC: 0.9258, Test AUC: 0.9268

Epoch 4976: New best validation AUC: 0.9261
Epoch: 4980, Loss: 0.4850, Val AUC: 0.9257, Test AUC: 0.9266
Epoch: 4990, Loss: 0.4841, Val AUC: 0.9257, Test AUC: 0.9267

Epoch 4999: New best validation AUC: 0.9261
Epoch: 5000, Loss: 0.4839, Val AUC: 0.9258, Test AUC: 0.9268
--------------------
Training finished.
Best Validation AUC: 0.9261
Final Test AUC (corresponding to best validation): 0.9271
TensorBoard writer closed. Logs saved in runs/Apr28_03-18-57_udc-aj36-36

Final Test Scores (first 10): tensor([0.9985, 0.8295, 0.7321, 0.8367, 0.7008, 0.9852, 0.8879, 0.8347, 0.8130,
        0.9825], device='cuda:0')
Corresponding True Labels (first 10): tensor([1., 1., 1., 1., 1., 1., 1., 1., 1., 1.], device='cuda:0')
